#
# There is insufficient memory for the Java Runtime Environment to continue.
# Native memory allocation (malloc) failed to allocate 2059744 bytes. Error detail: Chunk::new
# Possible reasons:
#   The system is out of physical RAM or swap space
#   This process is running with CompressedOops enabled, and the Java Heap may be blocking the growth of the native heap
# Possible solutions:
#   Reduce memory load on the system
#   Increase physical memory or swap space
#   Check if swap backing store is full
#   Decrease Java heap size (-Xmx/-Xms)
#   Decrease number of Java threads
#   Decrease Java thread stack sizes (-Xss)
#   Set larger code cache with -XX:ReservedCodeCacheSize=
#   JVM is running with Unscaled Compressed Oops mode in which the Java heap is
#     placed in the first 4GB address space. The Java Heap base address is the
#     maximum limit for the native heap growth. Please use -XX:HeapBaseMinAddress
#     to set the Java Heap base and to place the Java Heap above 4GB virtual address.
# This output file may be truncated or incomplete.
#
#  Out of Memory Error (arena.cpp:150), pid=5500, tid=14088
#
# JRE version: Java(TM) SE Runtime Environment (22.0.2+9) (build 22.0.2+9-70)
# Java VM: Java HotSpot(TM) 64-Bit Server VM (22.0.2+9-70, mixed mode, sharing, tiered, compressed oops, compressed class ptrs, g1 gc, windows-amd64)
# No core dump will be written. Minidumps are not enabled by default on client versions of Windows
#

---------------  S U M M A R Y ------------

Command Line: -javaagent:D:\HK1 nam4\LapTrinhWWW\IntelliJ IDEA 2024.3\lib\idea_rt.jar=63878:D:\HK1 nam4\LapTrinhWWW\IntelliJ IDEA 2024.3\bin -Dfile.encoding=UTF-8 -Dsun.stdout.encoding=UTF-8 -Dsun.stderr.encoding=UTF-8 com.apigateway.apigateway.ApiGatewayApplication

Host: Intel(R) Core(TM) i3-6006U CPU @ 2.00GHz, 4 cores, 3G,  Windows 10 , 64 bit Build 19041 (10.0.19041.5794)
Time: Thu May 22 20:38:40 2025 SE Asia Standard Time elapsed time: 111.417661 seconds (0d 0h 1m 51s)

---------------  T H R E A D  ---------------

Current thread (0x00000226dde3ac90):  JavaThread "C2 CompilerThread0" daemon [_thread_in_native, id=14088, stack(0x0000006e55200000,0x0000006e55300000) (1024K)]


Current CompileTask:
C2:111418 7193   !   4       org.springframework.boot.context.properties.source.SpringConfigurationPropertySource::getConfigurationProperty (119 bytes)

Stack: [0x0000006e55200000,0x0000006e55300000]
Native frames: (J=compiled Java code, j=interpreted, Vv=VM code, C=native code)
V  [jvm.dll+0x6e26e9]  (no source info available)
V  [jvm.dll+0x875753]  (no source info available)
V  [jvm.dll+0x877b7e]  (no source info available)
V  [jvm.dll+0x878253]  (no source info available)
V  [jvm.dll+0x27fc86]  (no source info available)
V  [jvm.dll+0xc3d0f]  (no source info available)
V  [jvm.dll+0xc3f6b]  (no source info available)
V  [jvm.dll+0x3bb47c]  (no source info available)
V  [jvm.dll+0x1df6ae]  (no source info available)
V  [jvm.dll+0x24793c]  (no source info available)
V  [jvm.dll+0x246e9f]  (no source info available)
V  [jvm.dll+0x1c4e80]  (no source info available)
V  [jvm.dll+0x2568f3]  (no source info available)
V  [jvm.dll+0x254baa]  (no source info available)
V  [jvm.dll+0x3f57a6]  (no source info available)
V  [jvm.dll+0x81dc0b]  (no source info available)
V  [jvm.dll+0x6e0d85]  (no source info available)
C  [ucrtbase.dll+0x21bb2]  (no source info available)
C  [KERNEL32.DLL+0x17374]  (no source info available)
C  [ntdll.dll+0x4cc91]  (no source info available)


---------------  P R O C E S S  ---------------

Threads class SMR info:
_java_thread_list=0x0000022728f8b610, length=34, elements={
0x00000226dde2ca20, 0x00000226dde2fb00, 0x00000226dde31a80, 0x00000226dde37ae0,
0x00000226dde386f0, 0x00000226dde398f0, 0x00000226dde3ac90, 0x00000226dde43ce0,
0x0000022723088cc0, 0x0000022723746310, 0x0000022723766990, 0x0000022724238740,
0x00000227238f3920, 0x0000022724061360, 0x0000022723932220, 0x00000227244d0d80,
0x00000227244d1410, 0x00000227244d27c0, 0x0000022727406290, 0x00000227274089f0,
0x000002272740aac0, 0x0000022727404850, 0x000002272740b150, 0x000002272740b7e0,
0x0000022727407cd0, 0x000002272740be70, 0x0000022727404ee0, 0x0000022727406fb0,
0x0000022727405570, 0x0000022727408360, 0x0000022727409080, 0x000002272740a430,
0x0000022727405c00, 0x0000022727409710
}

Java Threads: ( => current thread )
  0x00000226dde2ca20 JavaThread "Reference Handler"          daemon [_thread_blocked, id=2348, stack(0x0000006e54c00000,0x0000006e54d00000) (1024K)]
  0x00000226dde2fb00 JavaThread "Finalizer"                  daemon [_thread_blocked, id=14620, stack(0x0000006e54d00000,0x0000006e54e00000) (1024K)]
  0x00000226dde31a80 JavaThread "Signal Dispatcher"          daemon [_thread_blocked, id=11504, stack(0x0000006e54e00000,0x0000006e54f00000) (1024K)]
  0x00000226dde37ae0 JavaThread "Attach Listener"            daemon [_thread_blocked, id=16564, stack(0x0000006e54f00000,0x0000006e55000000) (1024K)]
  0x00000226dde386f0 JavaThread "Service Thread"             daemon [_thread_blocked, id=11528, stack(0x0000006e55000000,0x0000006e55100000) (1024K)]
  0x00000226dde398f0 JavaThread "Monitor Deflation Thread"   daemon [_thread_blocked, id=16792, stack(0x0000006e55100000,0x0000006e55200000) (1024K)]
=>0x00000226dde3ac90 JavaThread "C2 CompilerThread0"         daemon [_thread_in_native, id=14088, stack(0x0000006e55200000,0x0000006e55300000) (1024K)]
  0x00000226dde43ce0 JavaThread "C1 CompilerThread0"         daemon [_thread_blocked, id=2440, stack(0x0000006e55300000,0x0000006e55400000) (1024K)]
  0x0000022723088cc0 JavaThread "Common-Cleaner"             daemon [_thread_blocked, id=16460, stack(0x0000006e55400000,0x0000006e55500000) (1024K)]
  0x0000022723746310 JavaThread "Monitor Ctrl-Break"         daemon [_thread_in_native, id=14948, stack(0x0000006e55600000,0x0000006e55700000) (1024K)]
  0x0000022723766990 JavaThread "Notification Thread"        daemon [_thread_blocked, id=4108, stack(0x0000006e55700000,0x0000006e55800000) (1024K)]
  0x0000022724238740 JavaThread "RMI TCP Accept-0"           daemon [_thread_in_native, id=5272, stack(0x0000006e55a00000,0x0000006e55b00000) (1024K)]
  0x00000227238f3920 JavaThread "RMI TCP Connection(1)-192.168.1.48" daemon [_thread_in_native, id=8844, stack(0x0000006e55b00000,0x0000006e55c00000) (1024K)]
  0x0000022724061360 JavaThread "RMI Scheduler(0)"           daemon [_thread_blocked, id=13940, stack(0x0000006e55c00000,0x0000006e55d00000) (1024K)]
  0x0000022723932220 JavaThread "JMX server connection timeout 28" daemon [_thread_blocked, id=16040, stack(0x0000006e55d00000,0x0000006e55e00000) (1024K)]
  0x00000227244d0d80 JavaThread "boundedElastic-evictor-1"   daemon [_thread_blocked, id=4804, stack(0x0000006e56000000,0x0000006e56100000) (1024K)]
  0x00000227244d1410 JavaThread "spectator-gauge-polling-0"  daemon [_thread_blocked, id=2752, stack(0x0000006e56200000,0x0000006e56300000) (1024K)]
  0x00000227244d27c0 JavaThread "AsyncResolver-bootstrap-%d" daemon [_thread_blocked, id=8368, stack(0x0000006e56300000,0x0000006e56400000) (1024K)]
  0x0000022727406290 JavaThread "DiscoveryClient-%d"         daemon [_thread_blocked, id=12024, stack(0x0000006e56400000,0x0000006e56500000) (1024K)]
  0x00000227274089f0 JavaThread "DiscoveryClient-%d"         daemon [_thread_blocked, id=1888, stack(0x0000006e56500000,0x0000006e56600000) (1024K)]
  0x000002272740aac0 JavaThread "DiscoveryClient-InstanceInfoReplicator-%d" daemon [_thread_blocked, id=16880, stack(0x0000006e56600000,0x0000006e56700000) (1024K)]
  0x0000022727404850 JavaThread "reactor-http-nio-1"         daemon [_thread_in_native, id=3288, stack(0x0000006e56700000,0x0000006e56800000) (1024K)]
  0x000002272740b150 JavaThread "server"                            [_thread_blocked, id=1460, stack(0x0000006e56800000,0x0000006e56900000) (1024K)]
  0x000002272740b7e0 JavaThread "DestroyJavaVM"                     [_thread_blocked, id=17048, stack(0x0000006e54400000,0x0000006e54500000) (1024K)]
  0x0000022727407cd0 JavaThread "DiscoveryClient-HeartbeatExecutor-%d" daemon [_thread_blocked, id=3620, stack(0x0000006e56b00000,0x0000006e56c00000) (1024K)]
  0x000002272740be70 JavaThread "DiscoveryClient-CacheRefreshExecutor-%d" daemon [_thread_blocked, id=12588, stack(0x0000006e56c00000,0x0000006e56d00000) (1024K)]
  0x0000022727404ee0 JavaThread "reactor-http-nio-2"         daemon [_thread_in_native, id=6224, stack(0x0000006e54100000,0x0000006e54200000) (1024K)]
  0x0000022727406fb0 JavaThread "reactor-http-nio-3"         daemon [_thread_in_native, id=13420, stack(0x0000006e54200000,0x0000006e54300000) (1024K)]
  0x0000022727405570 JavaThread "boundedElastic-1"           daemon [_thread_blocked, id=5920, stack(0x0000006e54300000,0x0000006e54400000) (1024K)]
  0x0000022727408360 JavaThread "parallel-1"                 daemon [_thread_in_native, id=15872, stack(0x0000006e55f00000,0x0000006e56000000) (1024K)]
  0x0000022727409080 JavaThread "parallel-2"                 daemon [_thread_blocked, id=15396, stack(0x0000006e56100000,0x0000006e56200000) (1024K)]
  0x000002272740a430 JavaThread "pool-5-thread-1"            daemon [_thread_blocked, id=3728, stack(0x0000006e56d00000,0x0000006e56e00000) (1024K)]
  0x0000022727405c00 JavaThread "reactor-http-nio-4"         daemon [_thread_in_native, id=11832, stack(0x0000006e56e00000,0x0000006e56f00000) (1024K)]
  0x0000022727409710 JavaThread "Jndi-Dns-address-change-listener" daemon [_thread_in_native, id=16516, stack(0x0000006e56f00000,0x0000006e57000000) (1024K)]
Total: 34

Other Threads:
  0x00000226dde11780 VMThread "VM Thread"                           [id=12400, stack(0x0000006e54b00000,0x0000006e54c00000) (1024K)]
  0x00000226c3552bc0 WatcherThread "VM Periodic Task Thread"        [id=9892, stack(0x0000006e54a00000,0x0000006e54b00000) (1024K)]
  0x00000226c34dd710 WorkerThread "GC Thread#0"                     [id=2388, stack(0x0000006e54500000,0x0000006e54600000) (1024K)]
  0x00000227239e5d10 WorkerThread "GC Thread#1"                     [id=6000, stack(0x0000006e55500000,0x0000006e55600000) (1024K)]
  0x00000227239d1850 WorkerThread "GC Thread#2"                     [id=9112, stack(0x0000006e55800000,0x0000006e55900000) (1024K)]
  0x00000227239d1c00 WorkerThread "GC Thread#3"                     [id=7444, stack(0x0000006e55900000,0x0000006e55a00000) (1024K)]
  0x00000226c34e6ed0 ConcurrentGCThread "G1 Main Marker"            [id=9792, stack(0x0000006e54600000,0x0000006e54700000) (1024K)]
  0x00000226c34e8090 WorkerThread "G1 Conc#0"                       [id=9380, stack(0x0000006e54700000,0x0000006e54800000) (1024K)]
  0x00000226c3542480 ConcurrentGCThread "G1 Refine#0"               [id=13332, stack(0x0000006e54800000,0x0000006e54900000) (1024K)]
  0x00000226c3542f10 ConcurrentGCThread "G1 Service"                [id=10556, stack(0x0000006e54900000,0x0000006e54a00000) (1024K)]
Total: 10

Threads with active compile tasks:
C2 CompilerThread0  111803 7193   !   4       org.springframework.boot.context.properties.source.SpringConfigurationPropertySource::getConfigurationProperty (119 bytes)
Total: 1

VM state: not at safepoint (normal execution)

VM Mutex/Monitor currently owned by a thread: None

Heap address: 0x00000000c4800000, size: 952 MB, Compressed Oops mode: 32-bit

CDS archive(s) mapped at: [0x00000226de000000-0x00000226dec60000-0x00000226dec60000), size 12976128, SharedBaseAddress: 0x00000226de000000, ArchiveRelocationMode: 1.
Compressed class space mapped at: 0x00000226df000000-0x000002271f000000, reserved size: 1073741824
Narrow klass base: 0x00000226de000000, Narrow klass shift: 0, Narrow klass range: 0x41000000

GC Precious Log:
 CardTable entry size: 512
 Card Set container configuration: InlinePtr #cards 5 size 8 Array Of Cards #cards 12 size 40 Howl #buckets 4 coarsen threshold 1843 Howl Bitmap #cards 512 size 80 coarsen threshold 460 Card regions per heap region 1 cards per card region 2048
 CPUs: 4 total, 4 available
 Memory: 3802M
 Large Page Support: Disabled
 NUMA Support: Disabled
 Compressed Oops: Enabled (32-bit)
 Heap Region Size: 1M
 Heap Min Capacity: 8M
 Heap Initial Capacity: 60M
 Heap Max Capacity: 952M
 Pre-touch: Disabled
 Parallel Workers: 4
 Concurrent Workers: 1
 Concurrent Refinement Workers: 4
 Periodic GC: Disabled

Heap:
 garbage-first heap   total reserved 974848K, committed 66560K, used 51869K [0x00000000c4800000, 0x0000000100000000)
  region size 1024K, 21 young (21504K), 3 survivors (3072K)
 Metaspace       used 58875K, committed 59712K, reserved 1114112K
  class space    used 8056K, committed 8448K, reserved 1048576K

Heap Regions: E=young(eden), S=young(survivor), O=old, HS=humongous(starts), HC=humongous(continues), CS=collection set, F=free, TAMS=top-at-mark-start, PB=parsable bottom
|   0|0x00000000c4800000, 0x00000000c4900000, 0x00000000c4900000|100%|HS|  |TAMS 0x00000000c4800000| PB 0x00000000c4800000| Complete |  0
|   1|0x00000000c4900000, 0x00000000c4a00000, 0x00000000c4a00000|100%| O|  |TAMS 0x00000000c4900000| PB 0x00000000c4900000| Untracked |  0
|   2|0x00000000c4a00000, 0x00000000c4b00000, 0x00000000c4b00000|100%| O|  |TAMS 0x00000000c4a00000| PB 0x00000000c4a00000| Untracked |  0
|   3|0x00000000c4b00000, 0x00000000c4c00000, 0x00000000c4c00000|100%| O|  |TAMS 0x00000000c4b00000| PB 0x00000000c4b00000| Untracked |  0
|   4|0x00000000c4c00000, 0x00000000c4d00000, 0x00000000c4d00000|100%| O|  |TAMS 0x00000000c4c00000| PB 0x00000000c4c00000| Untracked |  0
|   5|0x00000000c4d00000, 0x00000000c4e00000, 0x00000000c4e00000|100%| O|  |TAMS 0x00000000c4d00000| PB 0x00000000c4d00000| Untracked |  0
|   6|0x00000000c4e00000, 0x00000000c4f00000, 0x00000000c4f00000|100%| O|  |TAMS 0x00000000c4e00000| PB 0x00000000c4e00000| Untracked |  0
|   7|0x00000000c4f00000, 0x00000000c5000000, 0x00000000c5000000|100%| O|  |TAMS 0x00000000c4f00000| PB 0x00000000c4f00000| Untracked |  0
|   8|0x00000000c5000000, 0x00000000c5100000, 0x00000000c5100000|100%| O|  |TAMS 0x00000000c5000000| PB 0x00000000c5000000| Untracked |  0
|   9|0x00000000c5100000, 0x00000000c5200000, 0x00000000c5200000|100%| O|  |TAMS 0x00000000c5100000| PB 0x00000000c5100000| Untracked |  0
|  10|0x00000000c5200000, 0x00000000c5300000, 0x00000000c5300000|100%| O|  |TAMS 0x00000000c5200000| PB 0x00000000c5200000| Untracked |  0
|  11|0x00000000c5300000, 0x00000000c5400000, 0x00000000c5400000|100%| O|  |TAMS 0x00000000c5300000| PB 0x00000000c5300000| Untracked |  0
|  12|0x00000000c5400000, 0x00000000c5500000, 0x00000000c5500000|100%| O|  |TAMS 0x00000000c5400000| PB 0x00000000c5400000| Untracked |  0
|  13|0x00000000c5500000, 0x00000000c5600000, 0x00000000c5600000|100%| O|  |TAMS 0x00000000c5500000| PB 0x00000000c5500000| Untracked |  0
|  14|0x00000000c5600000, 0x00000000c5700000, 0x00000000c5700000|100%| O|  |TAMS 0x00000000c5600000| PB 0x00000000c5600000| Untracked |  0
|  15|0x00000000c5700000, 0x00000000c5800000, 0x00000000c5800000|100%| O|  |TAMS 0x00000000c5700000| PB 0x00000000c5700000| Untracked |  0
|  16|0x00000000c5800000, 0x00000000c5900000, 0x00000000c5900000|100%| O|  |TAMS 0x00000000c5800000| PB 0x00000000c5800000| Untracked |  0
|  17|0x00000000c5900000, 0x00000000c5a00000, 0x00000000c5a00000|100%| O|  |TAMS 0x00000000c5900000| PB 0x00000000c5900000| Untracked |  0
|  18|0x00000000c5a00000, 0x00000000c5b00000, 0x00000000c5b00000|100%| O|  |TAMS 0x00000000c5a00000| PB 0x00000000c5a00000| Untracked |  0
|  19|0x00000000c5b00000, 0x00000000c5c00000, 0x00000000c5c00000|100%| O|  |TAMS 0x00000000c5b00000| PB 0x00000000c5b00000| Untracked |  0
|  20|0x00000000c5c00000, 0x00000000c5d00000, 0x00000000c5d00000|100%| O|  |TAMS 0x00000000c5c00000| PB 0x00000000c5c00000| Untracked |  0
|  21|0x00000000c5d00000, 0x00000000c5e00000, 0x00000000c5e00000|100%| O|  |TAMS 0x00000000c5d00000| PB 0x00000000c5d00000| Untracked |  0
|  22|0x00000000c5e00000, 0x00000000c5f00000, 0x00000000c5f00000|100%| O|  |TAMS 0x00000000c5e00000| PB 0x00000000c5e00000| Untracked |  0
|  23|0x00000000c5f00000, 0x00000000c6000000, 0x00000000c6000000|100%| O|  |TAMS 0x00000000c5f00000| PB 0x00000000c5f00000| Untracked |  0
|  24|0x00000000c6000000, 0x00000000c6100000, 0x00000000c6100000|100%| O|  |TAMS 0x00000000c6000000| PB 0x00000000c6000000| Untracked |  0
|  25|0x00000000c6100000, 0x00000000c6200000, 0x00000000c6200000|100%| O|  |TAMS 0x00000000c6100000| PB 0x00000000c6100000| Untracked |  0
|  26|0x00000000c6200000, 0x00000000c6300000, 0x00000000c6300000|100%| O|  |TAMS 0x00000000c6200000| PB 0x00000000c6200000| Untracked |  0
|  27|0x00000000c6300000, 0x00000000c6400000, 0x00000000c6400000|100%| O|  |TAMS 0x00000000c6300000| PB 0x00000000c6300000| Untracked |  0
|  28|0x00000000c6400000, 0x00000000c6400000, 0x00000000c6500000|  0%| F|  |TAMS 0x00000000c6400000| PB 0x00000000c6400000| Untracked |  0
|  29|0x00000000c6500000, 0x00000000c6600000, 0x00000000c6600000|100%| O|  |TAMS 0x00000000c6500000| PB 0x00000000c6500000| Untracked |  0
|  30|0x00000000c6600000, 0x00000000c6700000, 0x00000000c6700000|100%| O|  |TAMS 0x00000000c6600000| PB 0x00000000c6600000| Untracked |  0
|  31|0x00000000c6700000, 0x00000000c6800000, 0x00000000c6800000|100%| O|  |TAMS 0x00000000c6700000| PB 0x00000000c6700000| Untracked |  0
|  32|0x00000000c6800000, 0x00000000c6900000, 0x00000000c6900000|100%| O|  |TAMS 0x00000000c6800000| PB 0x00000000c6800000| Untracked |  0
|  33|0x00000000c6900000, 0x00000000c6900000, 0x00000000c6a00000|  0%| F|  |TAMS 0x00000000c6900000| PB 0x00000000c6900000| Untracked |  0
|  34|0x00000000c6a00000, 0x00000000c6a00000, 0x00000000c6b00000|  0%| F|  |TAMS 0x00000000c6a00000| PB 0x00000000c6a00000| Untracked |  0
|  35|0x00000000c6b00000, 0x00000000c6b00000, 0x00000000c6c00000|  0%| F|  |TAMS 0x00000000c6b00000| PB 0x00000000c6b00000| Untracked |  0
|  36|0x00000000c6c00000, 0x00000000c6c00000, 0x00000000c6d00000|  0%| F|  |TAMS 0x00000000c6c00000| PB 0x00000000c6c00000| Untracked |  0
|  37|0x00000000c6d00000, 0x00000000c6d51b68, 0x00000000c6e00000| 31%| O|  |TAMS 0x00000000c6d00000| PB 0x00000000c6d00000| Untracked |  0
|  38|0x00000000c6e00000, 0x00000000c6e55910, 0x00000000c6f00000| 33%| S|CS|TAMS 0x00000000c6e00000| PB 0x00000000c6e00000| Complete |  0
|  39|0x00000000c6f00000, 0x00000000c7000000, 0x00000000c7000000|100%| S|CS|TAMS 0x00000000c6f00000| PB 0x00000000c6f00000| Complete |  0
|  40|0x00000000c7000000, 0x00000000c7100000, 0x00000000c7100000|100%| S|CS|TAMS 0x00000000c7000000| PB 0x00000000c7000000| Complete |  0
|  41|0x00000000c7100000, 0x00000000c7100000, 0x00000000c7200000|  0%| F|  |TAMS 0x00000000c7100000| PB 0x00000000c7100000| Untracked |  0
|  42|0x00000000c7200000, 0x00000000c7200000, 0x00000000c7300000|  0%| F|  |TAMS 0x00000000c7200000| PB 0x00000000c7200000| Untracked |  0
|  43|0x00000000c7300000, 0x00000000c7300000, 0x00000000c7400000|  0%| F|  |TAMS 0x00000000c7300000| PB 0x00000000c7300000| Untracked |  0
|  44|0x00000000c7400000, 0x00000000c7400000, 0x00000000c7500000|  0%| F|  |TAMS 0x00000000c7400000| PB 0x00000000c7400000| Untracked |  0
|  45|0x00000000c7500000, 0x00000000c7500000, 0x00000000c7600000|  0%| F|  |TAMS 0x00000000c7500000| PB 0x00000000c7500000| Untracked |  0
|  46|0x00000000c7600000, 0x00000000c7600000, 0x00000000c7700000|  0%| F|  |TAMS 0x00000000c7600000| PB 0x00000000c7600000| Untracked |  0
|  47|0x00000000c7700000, 0x00000000c773baf0, 0x00000000c7800000| 23%| E|  |TAMS 0x00000000c7700000| PB 0x00000000c7700000| Complete |  1
|  48|0x00000000c7800000, 0x00000000c7900000, 0x00000000c7900000|100%| E|  |TAMS 0x00000000c7800000| PB 0x00000000c7800000| Complete |  0
|  49|0x00000000c7900000, 0x00000000c7a00000, 0x00000000c7a00000|100%| E|CS|TAMS 0x00000000c7900000| PB 0x00000000c7900000| Complete |  0
|  50|0x00000000c7a00000, 0x00000000c7b00000, 0x00000000c7b00000|100%| E|CS|TAMS 0x00000000c7a00000| PB 0x00000000c7a00000| Complete |  0
|  51|0x00000000c7b00000, 0x00000000c7c00000, 0x00000000c7c00000|100%| E|CS|TAMS 0x00000000c7b00000| PB 0x00000000c7b00000| Complete |  0
|  52|0x00000000c7c00000, 0x00000000c7d00000, 0x00000000c7d00000|100%| E|CS|TAMS 0x00000000c7c00000| PB 0x00000000c7c00000| Complete |  0
|  53|0x00000000c7d00000, 0x00000000c7e00000, 0x00000000c7e00000|100%| E|CS|TAMS 0x00000000c7d00000| PB 0x00000000c7d00000| Complete |  0
|  54|0x00000000c7e00000, 0x00000000c7f00000, 0x00000000c7f00000|100%| E|CS|TAMS 0x00000000c7e00000| PB 0x00000000c7e00000| Complete |  0
|  55|0x00000000c7f00000, 0x00000000c8000000, 0x00000000c8000000|100%| E|CS|TAMS 0x00000000c7f00000| PB 0x00000000c7f00000| Complete |  0
|  56|0x00000000c8000000, 0x00000000c8100000, 0x00000000c8100000|100%| E|CS|TAMS 0x00000000c8000000| PB 0x00000000c8000000| Complete |  0
|  57|0x00000000c8100000, 0x00000000c8200000, 0x00000000c8200000|100%| E|CS|TAMS 0x00000000c8100000| PB 0x00000000c8100000| Complete |  0
|  58|0x00000000c8200000, 0x00000000c8300000, 0x00000000c8300000|100%| E|CS|TAMS 0x00000000c8200000| PB 0x00000000c8200000| Complete |  0
|  59|0x00000000c8300000, 0x00000000c8400000, 0x00000000c8400000|100%| E|CS|TAMS 0x00000000c8300000| PB 0x00000000c8300000| Complete |  0
|  60|0x00000000c8400000, 0x00000000c8500000, 0x00000000c8500000|100%| E|CS|TAMS 0x00000000c8400000| PB 0x00000000c8400000| Complete |  0
|  61|0x00000000c8500000, 0x00000000c8600000, 0x00000000c8600000|100%| E|CS|TAMS 0x00000000c8500000| PB 0x00000000c8500000| Complete |  0
|  62|0x00000000c8600000, 0x00000000c8700000, 0x00000000c8700000|100%| E|CS|TAMS 0x00000000c8600000| PB 0x00000000c8600000| Complete |  0
|  63|0x00000000c8700000, 0x00000000c8800000, 0x00000000c8800000|100%| E|CS|TAMS 0x00000000c8700000| PB 0x00000000c8700000| Complete |  1
|  64|0x00000000c8800000, 0x00000000c8900000, 0x00000000c8900000|100%| E|CS|TAMS 0x00000000c8800000| PB 0x00000000c8800000| Complete |  0

Card table byte_map: [0x00000226da7f0000,0x00000226da9d0000] _byte_map_base: 0x00000226da1cc000

Marking Bits: (CMBitMap*) 0x00000226c34ded40
 Bits: [0x00000226da9d0000, 0x00000226db8b0000)

Polling page: 0x00000226c1420000

Metaspace:

Usage:
  Non-class:     49.63 MB used.
      Class:      7.87 MB used.
       Both:     57.50 MB used.

Virtual space:
  Non-class space:       64.00 MB reserved,      50.06 MB ( 78%) committed,  1 nodes.
      Class space:        1.00 GB reserved,       8.25 MB ( <1%) committed,  1 nodes.
             Both:        1.06 GB reserved,      58.31 MB (  5%) committed. 

Chunk freelists:
   Non-Class:  13.89 MB
       Class:  7.78 MB
        Both:  21.67 MB

MaxMetaspaceSize: unlimited
CompressedClassSpaceSize: 1.00 GB
Initial GC threshold: 21.00 MB
Current GC threshold: 75.56 MB
CDS: on
 - commit_granule_bytes: 65536.
 - commit_granule_words: 8192.
 - virtual_space_node_default_size: 8388608.
 - enlarge_chunks_in_place: 1.
 - use_allocation_guard: 0.


Internal statistics:

num_allocs_failed_limit: 8.
num_arena_births: 1226.
num_arena_deaths: 0.
num_vsnodes_births: 2.
num_vsnodes_deaths: 0.
num_space_committed: 933.
num_space_uncommitted: 0.
num_chunks_returned_to_freelist: 8.
num_chunks_taken_from_freelist: 3217.
num_chunk_merges: 8.
num_chunk_splits: 2235.
num_chunks_enlarged: 1680.
num_inconsistent_stats: 0.

CodeHeap 'non-profiled nmethods': size=120000Kb used=3898Kb max_used=3898Kb free=116101Kb
 bounds [0x00000226d32c0000, 0x00000226d3690000, 0x00000226da7f0000]
CodeHeap 'profiled nmethods': size=120000Kb used=12546Kb max_used=12546Kb free=107453Kb
 bounds [0x00000226cb7f0000, 0x00000226cc440000, 0x00000226d2d20000]
CodeHeap 'non-nmethods': size=5760Kb used=1657Kb max_used=1734Kb free=4102Kb
 bounds [0x00000226d2d20000, 0x00000226d2f90000, 0x00000226d32c0000]
 total_blobs=7224 nmethods=6526 adapters=602
 compilation: enabled
              stopped_count=0, restarted_count=0
 full_count=0

Compilation events (20 events):
Event: 110.825 Thread 0x00000226dde43ce0 7226       3       org.springframework.beans.factory.support.DefaultListableBeanFactory$$Lambda/0x00000226df4b9378::apply (24 bytes)
Event: 110.825 Thread 0x00000226dde43ce0 nmethod 7226 0x00000226cc426b10 code [0x00000226cc426cc0, 0x00000226cc426ef8]
Event: 110.825 Thread 0x00000226dde43ce0 7227       3       org.springframework.beans.factory.support.DefaultListableBeanFactory::lambda$isAutowireCandidate$3 (15 bytes)
Event: 110.826 Thread 0x00000226dde43ce0 nmethod 7227 0x00000226cc427010 code [0x00000226cc427220, 0x00000226cc427908]
Event: 110.839 Thread 0x00000226dde43ce0 7228       3       org.springframework.core.annotation.AttributeMethods::isAttributeMethod (23 bytes)
Event: 110.840 Thread 0x00000226dde43ce0 nmethod 7228 0x00000226cc427b90 code [0x00000226cc427d40, 0x00000226cc427f40]
Event: 110.882 Thread 0x00000226dde43ce0 7229       3       org.springframework.util.LinkedCaseInsensitiveMap::convertKey (9 bytes)
Event: 110.883 Thread 0x00000226dde43ce0 nmethod 7229 0x00000226cc428010 code [0x00000226cc4281e0, 0x00000226cc428528]
Event: 110.884 Thread 0x00000226dde43ce0 7230       3       java.lang.invoke.BoundMethodHandle::copyWith (7 bytes)
Event: 110.884 Thread 0x00000226dde43ce0 nmethod 7230 0x00000226cc428690 code [0x00000226cc428840, 0x00000226cc428a08]
Event: 110.890 Thread 0x00000226dde43ce0 7231       3       org.springframework.util.LinkedCaseInsensitiveMap$1::removeEldestEntry (32 bytes)
Event: 110.890 Thread 0x00000226dde43ce0 nmethod 7231 0x00000226cc428a90 code [0x00000226cc428c40, 0x00000226cc428dd8]
Event: 111.097 Thread 0x00000226dde43ce0 7232       3       io.netty.handler.codec.http.HttpUtil$BitSet128::contains (47 bytes)
Event: 111.098 Thread 0x00000226dde43ce0 nmethod 7232 0x00000226cc428f10 code [0x00000226cc4290c0, 0x00000226cc429338]
Event: 111.098 Thread 0x00000226dde43ce0 7233       3       java.lang.invoke.MethodType::appendParameterTypes (10 bytes)
Event: 111.099 Thread 0x00000226dde43ce0 nmethod 7233 0x00000226cc429410 code [0x00000226cc4295c0, 0x00000226cc429770]
Event: 111.103 Thread 0x00000226dde43ce0 7235       3       java.lang.invoke.LambdaForm$Name::<init> (14 bytes)
Event: 111.104 Thread 0x00000226dde43ce0 nmethod 7235 0x00000226cc429890 code [0x00000226cc429a60, 0x00000226cc429d70]
Event: 111.104 Thread 0x00000226dde43ce0 7236       3       java.lang.invoke.InvokerBytecodeGenerator::resolveFrom (81 bytes)
Event: 111.105 Thread 0x00000226dde43ce0 nmethod 7236 0x00000226cc429f10 code [0x00000226cc42a0e0, 0x00000226cc42a3b0]

GC Heap History (20 events):
Event: 12.893 GC heap before
{Heap before GC invocations=6 (full 0):
 garbage-first heap   total reserved 974848K, committed 55296K, used 45685K [0x00000000c4800000, 0x0000000100000000)
  region size 1024K, 32 young (32768K), 3 survivors (3072K)
 Metaspace       used 27353K, committed 27712K, reserved 1114112K
  class space    used 3500K, committed 3648K, reserved 1048576K
}
Event: 12.910 GC heap after
{Heap after GC invocations=7 (full 0):
 garbage-first heap   total reserved 974848K, committed 55296K, used 17799K [0x00000000c4800000, 0x0000000100000000)
  region size 1024K, 3 young (3072K), 3 survivors (3072K)
 Metaspace       used 27353K, committed 27712K, reserved 1114112K
  class space    used 3500K, committed 3648K, reserved 1048576K
}
Event: 14.017 GC heap before
{Heap before GC invocations=7 (full 0):
 garbage-first heap   total reserved 974848K, committed 55296K, used 42375K [0x00000000c4800000, 0x0000000100000000)
  region size 1024K, 27 young (27648K), 3 survivors (3072K)
 Metaspace       used 29612K, committed 30080K, reserved 1114112K
  class space    used 3733K, committed 3968K, reserved 1048576K
}
Event: 14.034 GC heap after
{Heap after GC invocations=8 (full 0):
 garbage-first heap   total reserved 974848K, committed 55296K, used 20345K [0x00000000c4800000, 0x0000000100000000)
  region size 1024K, 4 young (4096K), 4 survivors (4096K)
 Metaspace       used 29612K, committed 30080K, reserved 1114112K
  class space    used 3733K, committed 3968K, reserved 1048576K
}
Event: 15.291 GC heap before
{Heap before GC invocations=8 (full 0):
 garbage-first heap   total reserved 974848K, committed 55296K, used 43897K [0x00000000c4800000, 0x0000000100000000)
  region size 1024K, 27 young (27648K), 4 survivors (4096K)
 Metaspace       used 31543K, committed 32000K, reserved 1114112K
  class space    used 4002K, committed 4224K, reserved 1048576K
}
Event: 15.311 GC heap after
{Heap after GC invocations=9 (full 0):
 garbage-first heap   total reserved 974848K, committed 55296K, used 21498K [0x00000000c4800000, 0x0000000100000000)
  region size 1024K, 2 young (2048K), 2 survivors (2048K)
 Metaspace       used 31543K, committed 32000K, reserved 1114112K
  class space    used 4002K, committed 4224K, reserved 1048576K
}
Event: 16.582 GC heap before
{Heap before GC invocations=9 (full 0):
 garbage-first heap   total reserved 974848K, committed 55296K, used 46074K [0x00000000c4800000, 0x0000000100000000)
  region size 1024K, 26 young (26624K), 2 survivors (2048K)
 Metaspace       used 34348K, committed 34880K, reserved 1114112K
  class space    used 4394K, committed 4608K, reserved 1048576K
}
Event: 16.594 GC heap after
{Heap after GC invocations=10 (full 0):
 garbage-first heap   total reserved 974848K, committed 55296K, used 23413K [0x00000000c4800000, 0x0000000100000000)
  region size 1024K, 4 young (4096K), 4 survivors (4096K)
 Metaspace       used 34348K, committed 34880K, reserved 1114112K
  class space    used 4394K, committed 4608K, reserved 1048576K
}
Event: 17.064 GC heap before
{Heap before GC invocations=10 (full 0):
 garbage-first heap   total reserved 974848K, committed 55296K, used 30581K [0x00000000c4800000, 0x0000000100000000)
  region size 1024K, 12 young (12288K), 4 survivors (4096K)
 Metaspace       used 35454K, committed 35968K, reserved 1114112K
  class space    used 4577K, committed 4800K, reserved 1048576K
}
Event: 17.083 GC heap after
{Heap after GC invocations=11 (full 0):
 garbage-first heap   total reserved 974848K, committed 55296K, used 24347K [0x00000000c4800000, 0x0000000100000000)
  region size 1024K, 3 young (3072K), 3 survivors (3072K)
 Metaspace       used 35454K, committed 35968K, reserved 1114112K
  class space    used 4577K, committed 4800K, reserved 1048576K
}
Event: 18.606 GC heap before
{Heap before GC invocations=12 (full 0):
 garbage-first heap   total reserved 974848K, committed 55296K, used 47899K [0x00000000c4800000, 0x0000000100000000)
  region size 1024K, 26 young (26624K), 3 survivors (3072K)
 Metaspace       used 40671K, committed 41216K, reserved 1114112K
  class space    used 5414K, committed 5632K, reserved 1048576K
}
Event: 18.623 GC heap after
{Heap after GC invocations=13 (full 0):
 garbage-first heap   total reserved 974848K, committed 55296K, used 25970K [0x00000000c4800000, 0x0000000100000000)
  region size 1024K, 3 young (3072K), 3 survivors (3072K)
 Metaspace       used 40671K, committed 41216K, reserved 1114112K
  class space    used 5414K, committed 5632K, reserved 1048576K
}
Event: 20.104 GC heap before
{Heap before GC invocations=13 (full 0):
 garbage-first heap   total reserved 974848K, committed 55296K, used 47474K [0x00000000c4800000, 0x0000000100000000)
  region size 1024K, 24 young (24576K), 3 survivors (3072K)
 Metaspace       used 43404K, committed 44032K, reserved 1114112K
  class space    used 5846K, committed 6144K, reserved 1048576K
}
Event: 20.128 GC heap after
{Heap after GC invocations=14 (full 0):
 garbage-first heap   total reserved 974848K, committed 55296K, used 27648K [0x00000000c4800000, 0x0000000100000000)
  region size 1024K, 2 young (2048K), 2 survivors (2048K)
 Metaspace       used 43404K, committed 44032K, reserved 1114112K
  class space    used 5846K, committed 6144K, reserved 1048576K
}
Event: 22.470 GC heap before
{Heap before GC invocations=14 (full 0):
 garbage-first heap   total reserved 974848K, committed 55296K, used 49152K [0x00000000c4800000, 0x0000000100000000)
  region size 1024K, 23 young (23552K), 2 survivors (2048K)
 Metaspace       used 45638K, committed 46400K, reserved 1114112K
  class space    used 6129K, committed 6464K, reserved 1048576K
}
Event: 22.489 GC heap after
{Heap after GC invocations=15 (full 0):
 garbage-first heap   total reserved 974848K, committed 66560K, used 29294K [0x00000000c4800000, 0x0000000100000000)
  region size 1024K, 2 young (2048K), 2 survivors (2048K)
 Metaspace       used 45638K, committed 46400K, reserved 1114112K
  class space    used 6129K, committed 6464K, reserved 1048576K
}
Event: 25.120 GC heap before
{Heap before GC invocations=16 (full 0):
 garbage-first heap   total reserved 974848K, committed 66560K, used 56942K [0x00000000c4800000, 0x0000000100000000)
  region size 1024K, 30 young (30720K), 2 survivors (2048K)
 Metaspace       used 49972K, committed 50688K, reserved 1114112K
  class space    used 6778K, committed 7104K, reserved 1048576K
}
Event: 25.170 GC heap after
{Heap after GC invocations=17 (full 0):
 garbage-first heap   total reserved 974848K, committed 66560K, used 33416K [0x00000000c4800000, 0x0000000100000000)
  region size 1024K, 4 young (4096K), 4 survivors (4096K)
 Metaspace       used 49972K, committed 50688K, reserved 1114112K
  class space    used 6778K, committed 7104K, reserved 1048576K
}
Event: 57.860 GC heap before
{Heap before GC invocations=17 (full 0):
 garbage-first heap   total reserved 974848K, committed 66560K, used 57992K [0x00000000c4800000, 0x0000000100000000)
  region size 1024K, 28 young (28672K), 4 survivors (4096K)
 Metaspace       used 55481K, committed 56320K, reserved 1114112K
  class space    used 7550K, committed 7936K, reserved 1048576K
}
Event: 58.140 GC heap after
{Heap after GC invocations=18 (full 0):
 garbage-first heap   total reserved 974848K, committed 66560K, used 35485K [0x00000000c4800000, 0x0000000100000000)
  region size 1024K, 3 young (3072K), 3 survivors (3072K)
 Metaspace       used 55481K, committed 56320K, reserved 1114112K
  class space    used 7550K, committed 7936K, reserved 1048576K
}

Dll operation events (15 events):
Event: 0.031 Loaded shared library C:\Program Files\Java\jdk-22\bin\java.dll
Event: 0.109 Loaded shared library C:\Program Files\Java\jdk-22\bin\jsvml.dll
Event: 1.134 Loaded shared library C:\Program Files\Java\jdk-22\bin\zip.dll
Event: 1.147 Loaded shared library C:\Program Files\Java\jdk-22\bin\instrument.dll
Event: 1.170 Loaded shared library C:\Program Files\Java\jdk-22\bin\net.dll
Event: 1.188 Loaded shared library C:\Program Files\Java\jdk-22\bin\nio.dll
Event: 1.205 Loaded shared library C:\Program Files\Java\jdk-22\bin\zip.dll
Event: 1.452 Loaded shared library C:\Program Files\Java\jdk-22\bin\jimage.dll
Event: 2.256 Loaded shared library D:\HK1 nam4\LapTrinhWWW\IntelliJ IDEA 2024.3\bin\breakgen64.dll
Event: 2.389 Loaded shared library C:\Program Files\Java\jdk-22\bin\extnet.dll
Event: 2.627 Loaded shared library C:\Program Files\Java\jdk-22\bin\management.dll
Event: 2.797 Loaded shared library C:\Program Files\Java\jdk-22\bin\management_ext.dll
Event: 11.881 Loaded shared library C:\Program Files\Java\jdk-22\bin\le.dll
Event: 25.611 Loaded shared library C:\Program Files\Java\jdk-22\bin\verify.dll
Event: 26.819 Loaded shared library C:\Program Files\Java\jdk-22\bin\sunmscapi.dll

Deoptimization events (20 events):
Event: 110.619 Thread 0x0000022727408360 Uncommon trap: trap_request=0xffffff45 fr.pc=0x00000226d34a2b54 relative=0x0000000000000554
Event: 110.619 Thread 0x0000022727408360 Uncommon trap: reason=unstable_if action=reinterpret pc=0x00000226d34a2b54 method=java.lang.StringConcatHelper.mix(JLjava/lang/String;)J @ 13 c2
Event: 110.619 Thread 0x0000022727408360 DEOPT PACKING pc=0x00000226d34a2b54 sp=0x0000006e55ff84b0
Event: 110.619 Thread 0x0000022727408360 DEOPT UNPACKING pc=0x00000226d2d746a2 sp=0x0000006e55ff83e0 mode 2
Event: 110.619 Thread 0x0000022727408360 Uncommon trap: trap_request=0xffffff45 fr.pc=0x00000226d33851d8 relative=0x0000000000000138
Event: 110.619 Thread 0x0000022727408360 Uncommon trap: reason=unstable_if action=reinterpret pc=0x00000226d33851d8 method=java.lang.StringConcatHelper.prepend(J[BLjava/lang/String;)J @ 13 c2
Event: 110.619 Thread 0x0000022727408360 DEOPT PACKING pc=0x00000226d33851d8 sp=0x0000006e55ff8410
Event: 110.620 Thread 0x0000022727408360 DEOPT UNPACKING pc=0x00000226d2d746a2 sp=0x0000006e55ff83e0 mode 2
Event: 110.620 Thread 0x0000022727408360 Uncommon trap: trap_request=0xffffff45 fr.pc=0x00000226d32f3e98 relative=0x00000000000000f8
Event: 110.620 Thread 0x0000022727408360 Uncommon trap: reason=unstable_if action=reinterpret pc=0x00000226d32f3e98 method=java.lang.String.getBytes([BIB)V @ 5 c2
Event: 110.620 Thread 0x0000022727408360 DEOPT PACKING pc=0x00000226d32f3e98 sp=0x0000006e55ff8390
Event: 110.620 Thread 0x0000022727408360 DEOPT UNPACKING pc=0x00000226d2d746a2 sp=0x0000006e55ff8358 mode 2
Event: 110.620 Thread 0x0000022727408360 Uncommon trap: trap_request=0xffffff45 fr.pc=0x00000226d33c3f70 relative=0x00000000000000d0
Event: 110.620 Thread 0x0000022727408360 Uncommon trap: reason=unstable_if action=reinterpret pc=0x00000226d33c3f70 method=java.lang.StringConcatHelper.newString([BJ)Ljava/lang/String; @ 3 c2
Event: 110.620 Thread 0x0000022727408360 DEOPT PACKING pc=0x00000226d33c3f70 sp=0x0000006e55ff8440
Event: 110.621 Thread 0x0000022727408360 DEOPT UNPACKING pc=0x00000226d2d746a2 sp=0x0000006e55ff83e0 mode 2
Event: 110.625 Thread 0x0000022727408360 Uncommon trap: trap_request=0xffffff45 fr.pc=0x00000226d340efb0 relative=0x0000000000000270
Event: 110.625 Thread 0x0000022727408360 Uncommon trap: reason=unstable_if action=reinterpret pc=0x00000226d340efb0 method=java.lang.String.getChars(II[CI)V @ 24 c2
Event: 110.625 Thread 0x0000022727408360 DEOPT PACKING pc=0x00000226d340efb0 sp=0x0000006e55ff8280
Event: 110.625 Thread 0x0000022727408360 DEOPT UNPACKING pc=0x00000226d2d746a2 sp=0x0000006e55ff8240 mode 2

Classes loaded (20 events):
Event: 28.352 Loading class java/util/IdentityHashMap$IdentityHashMapSpliterator done
Event: 28.352 Loading class java/util/IdentityHashMap$KeySpliterator done
Event: 34.620 Loading class java/util/concurrent/ConcurrentLinkedQueue$Itr
Event: 34.630 Loading class java/util/concurrent/ConcurrentLinkedQueue$Itr done
Event: 106.013 Loading class sun/nio/ch/SocketAdaptor
Event: 106.110 Loading class sun/nio/ch/SocketAdaptor done
Event: 106.257 Loading class sun/nio/ch/SocketChannelImpl$DefaultOptionsHolder
Event: 106.279 Loading class sun/nio/ch/SocketChannelImpl$DefaultOptionsHolder done
Event: 106.765 Loading class java/lang/CharacterDataUndefined
Event: 106.770 Loading class java/lang/CharacterDataUndefined done
Event: 108.810 Loading class java/util/concurrent/ArrayBlockingQueue
Event: 108.814 Loading class java/util/concurrent/ArrayBlockingQueue done
Event: 108.818 Loading class java/util/concurrent/ArrayBlockingQueue$Itr
Event: 108.820 Loading class java/util/concurrent/ArrayBlockingQueue$Itr done
Event: 109.295 Loading class java/util/ArrayDeque$DescendingIterator
Event: 109.299 Loading class java/util/ArrayDeque$DescendingIterator done
Event: 109.625 Loading class sun/reflect/annotation/TypeNotPresentExceptionProxy
Event: 109.627 Loading class sun/reflect/annotation/TypeNotPresentExceptionProxy done
Event: 109.633 Loading class java/lang/invoke/WrongMethodTypeException
Event: 109.634 Loading class java/lang/invoke/WrongMethodTypeException done

Classes unloaded (0 events):
No events

Classes redefined (0 events):
No events

Internal exceptions (20 events):
Event: 25.924 Thread 0x00000226c34a6a40 Exception <a 'java/lang/NoSuchMethodError'{0x00000000c7f2be58}: 'java.lang.Object java.lang.invoke.DirectMethodHandle$Holder.invokeStatic(java.lang.Object, int, int)'> (0x00000000c7f2be58) 
thrown [s\open\src\hotspot\share\interpreter\linkResolver.cpp, line 774]
Event: 25.950 Thread 0x00000226c34a6a40 Exception <a 'java/lang/NoSuchMethodError'{0x00000000c7fa3648}: 'long java.lang.invoke.DirectMethodHandle$Holder.invokeStatic(java.lang.Object, java.lang.Object, int)'> (0x00000000c7fa3648) 
thrown [s\open\src\hotspot\share\interpreter\linkResolver.cpp, line 774]
Event: 25.951 Thread 0x00000226c34a6a40 Exception <a 'java/lang/NoSuchMethodError'{0x00000000c7fae158}: 'java.lang.Object java.lang.invoke.DelegatingMethodHandle$Holder.reinvoke_L(java.lang.Object, int, int, long, java.lang.Object, long, long, long)'> (0x00000000c7fae158) 
thrown [s\open\src\hotspot\share\interpreter\linkResolver.cpp, line 774]
Event: 25.957 Thread 0x00000226c34a6a40 Exception <a 'java/lang/NoSuchMethodError'{0x00000000c7fd1af8}: 'java.lang.Object java.lang.invoke.DelegatingMethodHandle$Holder.reinvoke_L(java.lang.Object, java.lang.Object, java.lang.Object, java.lang.Object, java.lang.Object, java.lang.Object, java.lang.Object, java.lang.Object, java.lang.Object, java.lang.Object, java.lang.Object, java.lang.Object, java.lang.Object, java.lang.Object, int, java.lang.Object, java.lang.Object, java.lang.Object, java.lang.Object, java.lang.Object, java.lang.Object, java.l
Event: 25.962 Thread 0x00000226c34a6a40 Exception <a 'java/lang/NoSuchMethodError'{0x00000000c7e25aa0}: 'java.lang.Object java.lang.invoke.DirectMethodHandle$Holder.invokeStatic(java.lang.Object, java.lang.Object, java.lang.Object, java.lang.Object, java.lang.Object, java.lang.Object, java.lang.Object, java.lang.Object, java.lang.Object, java.lang.Object, java.lang.Object, java.lang.Object, java.lang.Object)'> (0x00000000c7e25aa0) 
thrown [s\open\src\hotspot\share\interpreter\linkResolver.cpp, line 774]
Event: 25.966 Thread 0x00000226c34a6a40 Exception <a 'java/lang/NoSuchMethodError'{0x00000000c7e46b60}: 'java.lang.Object java.lang.invoke.DirectMethodHandle$Holder.invokeStatic(java.lang.Object, java.lang.Object, java.lang.Object, java.lang.Object, java.lang.Object, java.lang.Object, java.lang.Object, java.lang.Object, java.lang.Object, java.lang.Object, java.lang.Object, java.lang.Object, java.lang.Object, java.lang.Object)'> (0x00000000c7e46b60) 
thrown [s\open\src\hotspot\share\interpreter\linkResolver.cpp, line 774]
Event: 25.971 Thread 0x00000226c34a6a40 Exception <a 'java/lang/NoSuchMethodError'{0x00000000c7e5c8c8}: 'java.lang.Object java.lang.invoke.DelegatingMethodHandle$Holder.reinvoke_L(java.lang.Object, java.lang.Object, java.lang.Object, java.lang.Object, java.lang.Object, java.lang.Object, java.lang.Object, java.lang.Object, java.lang.Object, java.lang.Object, java.lang.Object, java.lang.Object, java.lang.Object, java.lang.Object, java.lang.Object, java.lang.Object, java.lang.Object, java.lang.Object, java.lang.Object, java.lang.Object, java.lang.O
Event: 26.891 Thread 0x00000226c34a6a40 Exception <a 'java/lang/UnsatisfiedLinkError'{0x00000000c7729178}: 'int io.netty.channel.epoll.Native.offsetofEpollData()'> (0x00000000c7729178) 
thrown [s\open\src\hotspot\share\prims\nativeLookup.cpp, line 417]
Event: 26.893 Thread 0x00000226c34a6a40 Exception <a 'java/lang/ExceptionInInitializerError'{0x00000000c772b888}> (0x00000000c772b888) 
thrown [s\open\src\hotspot\share\oops\instanceKlass.cpp, line 1252]
Event: 27.140 Thread 0x00000226c34a6a40 Exception <a 'java/lang/NoSuchMethodError'{0x00000000c765bea0}: 'java.lang.Object java.lang.invoke.DirectMethodHandle$Holder.newInvokeSpecial(java.lang.Object, java.lang.Object, int, java.lang.Object)'> (0x00000000c765bea0) 
thrown [s\open\src\hotspot\share\interpreter\linkResolver.cpp, line 774]
Event: 27.142 Thread 0x00000226c34a6a40 Exception <a 'java/lang/NoSuchMethodError'{0x00000000c765f810}: 'java.lang.Object java.lang.invoke.Invokers$Holder.linkToTargetMethod(java.lang.Object, int, java.lang.Object, java.lang.Object)'> (0x00000000c765f810) 
thrown [s\open\src\hotspot\share\interpreter\linkResolver.cpp, line 774]
Event: 27.708 Thread 0x00000226c34a6a40 Exception <a 'java/lang/IncompatibleClassChangeError'{0x00000000c74dc1c0}: Found class java.lang.Object, but interface was expected> (0x00000000c74dc1c0) 
thrown [s\open\src\hotspot\share\interpreter\linkResolver.cpp, line 841]
Event: 108.102 Thread 0x0000022727406fb0 Exception <a 'java/lang/NoSuchMethodError'{0x00000000c823f840}: 'void java.lang.invoke.DirectMethodHandle$Holder.invokeStatic(java.lang.Object, int)'> (0x00000000c823f840) 
thrown [s\open\src\hotspot\share\interpreter\linkResolver.cpp, line 774]
Event: 108.114 Thread 0x0000022727406fb0 Exception <a 'java/lang/NoSuchMethodError'{0x00000000c8242c60}: 'void java.lang.invoke.DirectMethodHandle$Holder.invokeStaticInit(java.lang.Object, int)'> (0x00000000c8242c60) 
thrown [s\open\src\hotspot\share\interpreter\linkResolver.cpp, line 774]
Event: 108.172 Thread 0x0000022727406fb0 Exception <a 'java/lang/NoSuchMethodError'{0x00000000c8248240}: 'void java.lang.invoke.DirectMethodHandle$Holder.invokeSpecial(java.lang.Object, java.lang.Object, int)'> (0x00000000c8248240) 
thrown [s\open\src\hotspot\share\interpreter\linkResolver.cpp, line 774]
Event: 109.277 Thread 0x0000022727408360 Exception <a 'java/lang/NoSuchMethodError'{0x00000000c7ea02a0}: 'void java.lang.invoke.DirectMethodHandle$Holder.invokeInterface(java.lang.Object, java.lang.Object)'> (0x00000000c7ea02a0) 
thrown [s\open\src\hotspot\share\interpreter\linkResolver.cpp, line 774]
Event: 109.590 Thread 0x0000022727408360 Exception <a 'java/lang/IncompatibleClassChangeError'{0x00000000c7d8c260}: Found class java.lang.Object, but interface was expected> (0x00000000c7d8c260) 
thrown [s\open\src\hotspot\share\interpreter\linkResolver.cpp, line 841]
Event: 110.241 Thread 0x0000022727408360 Exception <a 'java/lang/NoSuchMethodError'{0x00000000c7bcc370}: 'void java.lang.invoke.DirectMethodHandle$Holder.invokeSpecial(java.lang.Object, java.lang.Object, java.lang.Object, java.lang.Object, java.lang.Object, java.lang.Object, java.lang.Object, java.lang.Object)'> (0x00000000c7bcc370) 
thrown [s\open\src\hotspot\share\interpreter\linkResolver.cpp, line 774]
Event: 110.475 Thread 0x0000022727408360 Exception <a 'java/lang/NoSuchMethodError'{0x00000000c7a2f918}: 'java.lang.Object java.lang.invoke.DirectMethodHandle$Holder.invokeInterface(java.lang.Object, java.lang.Object, java.lang.Object, int)'> (0x00000000c7a2f918) 
thrown [s\open\src\hotspot\share\interpreter\linkResolver.cpp, line 774]
Event: 110.523 Thread 0x0000022727408360 Implicit null exception at 0x00000226d3587800 to 0x00000226d3587a74

ZGC Phase Switch (0 events):
No events

VM Operations (20 events):
Event: 92.324 Executing VM operation: Cleanup
Event: 92.324 Executing VM operation: Cleanup done
Event: 103.363 Executing VM operation: Cleanup
Event: 103.363 Executing VM operation: Cleanup done
Event: 104.369 Executing VM operation: Cleanup
Event: 104.369 Executing VM operation: Cleanup done
Event: 106.234 Executing VM operation: HandshakeAllThreads (Deoptimize)
Event: 106.236 Executing VM operation: HandshakeAllThreads (Deoptimize) done
Event: 107.236 Executing VM operation: Cleanup
Event: 107.236 Executing VM operation: Cleanup done
Event: 108.237 Executing VM operation: Cleanup
Event: 108.242 Executing VM operation: Cleanup done
Event: 109.189 Executing VM operation: HandshakeAllThreads (Deoptimize)
Event: 109.189 Executing VM operation: HandshakeAllThreads (Deoptimize) done
Event: 109.301 Executing VM operation: HandshakeAllThreads (Deoptimize)
Event: 109.301 Executing VM operation: HandshakeAllThreads (Deoptimize) done
Event: 109.301 Executing VM operation: Cleanup
Event: 109.301 Executing VM operation: Cleanup done
Event: 110.306 Executing VM operation: Cleanup
Event: 110.400 Executing VM operation: Cleanup done

Memory protections (0 events):
No events

Nmethod flushes (20 events):
Event: 22.637 Thread 0x00000226dde11780 flushing  nmethod 0x00000226cbe4dd90
Event: 22.637 Thread 0x00000226dde11780 flushing  nmethod 0x00000226cbe4e210
Event: 22.637 Thread 0x00000226dde11780 flushing  nmethod 0x00000226cbe4ea10
Event: 22.637 Thread 0x00000226dde11780 flushing  nmethod 0x00000226cbe4f290
Event: 22.637 Thread 0x00000226dde11780 flushing  nmethod 0x00000226cbe4f610
Event: 22.637 Thread 0x00000226dde11780 flushing  nmethod 0x00000226cbe4fa90
Event: 22.637 Thread 0x00000226dde11780 flushing  nmethod 0x00000226cbe60f90
Event: 22.637 Thread 0x00000226dde11780 flushing  nmethod 0x00000226cbe64490
Event: 22.637 Thread 0x00000226dde11780 flushing  nmethod 0x00000226cbeadb90
Event: 22.637 Thread 0x00000226dde11780 flushing  nmethod 0x00000226cbfdf210
Event: 22.637 Thread 0x00000226dde11780 flushing  nmethod 0x00000226cbfee790
Event: 22.637 Thread 0x00000226dde11780 flushing  nmethod 0x00000226cbfeeb90
Event: 22.637 Thread 0x00000226dde11780 flushing  nmethod 0x00000226cbff2490
Event: 22.637 Thread 0x00000226dde11780 flushing  nmethod 0x00000226cbff3110
Event: 22.637 Thread 0x00000226dde11780 flushing  nmethod 0x00000226cbffe010
Event: 22.637 Thread 0x00000226dde11780 flushing  nmethod 0x00000226cbfffa10
Event: 22.637 Thread 0x00000226dde11780 flushing  nmethod 0x00000226cc025510
Event: 22.637 Thread 0x00000226dde11780 flushing  nmethod 0x00000226cc0ac110
Event: 22.637 Thread 0x00000226dde11780 flushing  nmethod 0x00000226cc0d9f10
Event: 22.637 Thread 0x00000226dde11780 flushing  nmethod 0x00000226cc147790

Events (20 events):
Event: 19.586 Thread 0x00000226c34a6a40 Thread added: 0x00000227244d2e50
Event: 24.611 Thread 0x00000226c34a6a40 Thread added: 0x00000227244d1410
Event: 24.715 Thread 0x00000226c34a6a40 Thread added: 0x00000227244d27c0
Event: 26.037 Thread 0x00000226c34a6a40 Thread added: 0x0000022727406290
Event: 26.038 Thread 0x00000226c34a6a40 Thread added: 0x00000227274089f0
Event: 26.044 Thread 0x00000226c34a6a40 Thread added: 0x000002272740aac0
Event: 27.606 Thread 0x00000226c34a6a40 Thread added: 0x0000022727404850
Event: 27.744 Thread 0x00000226c34a6a40 Thread added: 0x000002272740b150
Event: 28.362 Thread 0x00000226c34a6a40 Thread exited: 0x00000226c34a6a40
Event: 28.363 Thread 0x000002272740b7e0 Thread added: 0x000002272740b7e0
Event: 56.367 Thread 0x00000227274089f0 Thread added: 0x0000022727407cd0
Event: 56.369 Thread 0x0000022727406290 Thread added: 0x000002272740be70
Event: 75.929 Thread 0x00000227244d4200 Thread exited: 0x00000227244d4200
Event: 87.941 Thread 0x00000227244d2e50 Thread exited: 0x00000227244d2e50
Event: 106.344 Thread 0x0000022727404850 Thread added: 0x0000022727404ee0
Event: 106.395 Thread 0x0000022727404850 Thread added: 0x0000022727406fb0
Event: 109.199 Thread 0x0000022727406fb0 Thread added: 0x0000022727405570
Event: 109.216 Thread 0x0000022727405570 Thread added: 0x0000022727408360
Event: 110.457 Thread 0x0000022727408360 Thread added: 0x0000022727409080
Event: 110.589 Thread 0x0000022727408360 Thread added: 0x000002272740a430


Dynamic libraries:
0x00007ff7caba0000 - 0x00007ff7cabb0000 	C:\Program Files\Java\jdk-22\bin\java.exe
0x00007ffd06b10000 - 0x00007ffd06d08000 	C:\WINDOWS\SYSTEM32\ntdll.dll
0x00007ffd06890000 - 0x00007ffd06952000 	C:\WINDOWS\System32\KERNEL32.DLL
0x00007ffd04200000 - 0x00007ffd044f6000 	C:\WINDOWS\System32\KERNELBASE.dll
0x00007ffd04900000 - 0x00007ffd04a00000 	C:\WINDOWS\System32\ucrtbase.dll
0x00007ffcff620000 - 0x00007ffcff63b000 	C:\Program Files\Java\jdk-22\bin\VCRUNTIME140.dll
0x00007ffcfdac0000 - 0x00007ffcfdad7000 	C:\Program Files\Java\jdk-22\bin\jli.dll
0x00007ffd066b0000 - 0x00007ffd0684d000 	C:\WINDOWS\System32\USER32.dll
0x00007ffcf1b90000 - 0x00007ffcf1e2a000 	C:\WINDOWS\WinSxS\amd64_microsoft.windows.common-controls_6595b64144ccf1df_6.0.19041.5794_none_60bcd33171f2783c\COMCTL32.dll
0x00007ffd04620000 - 0x00007ffd04642000 	C:\WINDOWS\System32\win32u.dll
0x00007ffd06860000 - 0x00007ffd0688b000 	C:\WINDOWS\System32\GDI32.dll
0x00007ffd05cf0000 - 0x00007ffd05d8e000 	C:\WINDOWS\System32\msvcrt.dll
0x00007ffd04680000 - 0x00007ffd0479a000 	C:\WINDOWS\System32\gdi32full.dll
0x00007ffd04580000 - 0x00007ffd0461d000 	C:\WINDOWS\System32\msvcp_win.dll
0x00007ffd04b40000 - 0x00007ffd04b6f000 	C:\WINDOWS\System32\IMM32.DLL
0x00007ffd00170000 - 0x00007ffd0017c000 	C:\Program Files\Java\jdk-22\bin\vcruntime140_1.dll
0x00007ffcdcf50000 - 0x00007ffcdcfde000 	C:\Program Files\Java\jdk-22\bin\msvcp140.dll
0x00007ffcc1b20000 - 0x00007ffcc2869000 	C:\Program Files\Java\jdk-22\bin\server\jvm.dll
0x00007ffd05a20000 - 0x00007ffd05acf000 	C:\WINDOWS\System32\ADVAPI32.dll
0x00007ffd06960000 - 0x00007ffd069ff000 	C:\WINDOWS\System32\sechost.dll
0x00007ffd058f0000 - 0x00007ffd05a13000 	C:\WINDOWS\System32\RPCRT4.dll
0x00007ffd04650000 - 0x00007ffd04677000 	C:\WINDOWS\System32\bcrypt.dll
0x00007ffd05ad0000 - 0x00007ffd05b3b000 	C:\WINDOWS\System32\WS2_32.dll
0x00007ffd04010000 - 0x00007ffd0405b000 	C:\WINDOWS\SYSTEM32\POWRPROF.dll
0x00007ffcfbc30000 - 0x00007ffcfbc3a000 	C:\WINDOWS\SYSTEM32\VERSION.dll
0x00007ffcef820000 - 0x00007ffcef847000 	C:\WINDOWS\SYSTEM32\WINMM.dll
0x00007ffd03ff0000 - 0x00007ffd04002000 	C:\WINDOWS\SYSTEM32\UMPDC.dll
0x00007ffd029d0000 - 0x00007ffd029e2000 	C:\WINDOWS\SYSTEM32\kernel.appcore.dll
0x00007ffcfe090000 - 0x00007ffcfe09a000 	C:\Program Files\Java\jdk-22\bin\jimage.dll
0x00007ffd026c0000 - 0x00007ffd028c1000 	C:\WINDOWS\SYSTEM32\DBGHELP.DLL
0x00007ffcefef0000 - 0x00007ffceff24000 	C:\WINDOWS\SYSTEM32\dbgcore.DLL
0x00007ffd04ab0000 - 0x00007ffd04b32000 	C:\WINDOWS\System32\bcryptPrimitives.dll
0x00007ffcfe300000 - 0x00007ffcfe30f000 	C:\Program Files\Java\jdk-22\bin\instrument.dll
0x00007ffcfd900000 - 0x00007ffcfd91e000 	C:\Program Files\Java\jdk-22\bin\java.dll
0x00007ffd05eb0000 - 0x00007ffd0661e000 	C:\WINDOWS\System32\SHELL32.dll
0x00007ffd04f90000 - 0x00007ffd050bb000 	C:\WINDOWS\System32\ole32.dll
0x00007ffd04bd0000 - 0x00007ffd04f23000 	C:\WINDOWS\System32\combase.dll
0x00007ffd01e40000 - 0x00007ffd025e3000 	C:\WINDOWS\SYSTEM32\windows.storage.dll
0x00007ffd03b70000 - 0x00007ffd03b9b000 	C:\WINDOWS\SYSTEM32\Wldp.dll
0x00007ffd06a00000 - 0x00007ffd06acd000 	C:\WINDOWS\System32\OLEAUT32.dll
0x00007ffd05b40000 - 0x00007ffd05bed000 	C:\WINDOWS\System32\SHCORE.dll
0x00007ffd04b70000 - 0x00007ffd04bc5000 	C:\WINDOWS\System32\shlwapi.dll
0x00007ffd040e0000 - 0x00007ffd04105000 	C:\WINDOWS\SYSTEM32\profapi.dll
0x00007ffcd0730000 - 0x00007ffcd0807000 	C:\Program Files\Java\jdk-22\bin\jsvml.dll
0x00007ffcf7d30000 - 0x00007ffcf7d47000 	C:\Program Files\Java\jdk-22\bin\zip.dll
0x00007ffcfe050000 - 0x00007ffcfe060000 	C:\Program Files\Java\jdk-22\bin\net.dll
0x00007ffd03870000 - 0x00007ffd038dc000 	C:\WINDOWS\system32\mswsock.dll
0x00007ffcfc3c0000 - 0x00007ffcfc3d6000 	C:\Program Files\Java\jdk-22\bin\nio.dll
0x00007ffcf7180000 - 0x00007ffcf719a000 	D:\HK1 nam4\LapTrinhWWW\IntelliJ IDEA 2024.3\bin\breakgen64.dll
0x00007ffd03590000 - 0x00007ffd0365a000 	C:\WINDOWS\SYSTEM32\DNSAPI.dll
0x00007ffd03550000 - 0x00007ffd0358b000 	C:\WINDOWS\SYSTEM32\IPHLPAPI.DLL
0x00007ffd05ce0000 - 0x00007ffd05ce8000 	C:\WINDOWS\System32\NSI.dll
0x00007ffcfbb40000 - 0x00007ffcfbb4a000 	C:\Windows\System32\rasadhlp.dll
0x00007ffcebb10000 - 0x00007ffcebb90000 	C:\WINDOWS\System32\fwpuclnt.dll
0x00007ffcfb030000 - 0x00007ffcfb039000 	C:\Program Files\Java\jdk-22\bin\extnet.dll
0x00007ffcfa540000 - 0x00007ffcfa54a000 	C:\Program Files\Java\jdk-22\bin\management.dll
0x00007ffcfa0b0000 - 0x00007ffcfa0bb000 	C:\Program Files\Java\jdk-22\bin\management_ext.dll
0x00007ffd066a0000 - 0x00007ffd066a8000 	C:\WINDOWS\System32\PSAPI.DLL
0x00007ffd03ac0000 - 0x00007ffd03ad8000 	C:\WINDOWS\SYSTEM32\CRYPTSP.dll
0x00007ffd03190000 - 0x00007ffd031c8000 	C:\WINDOWS\system32\rsaenh.dll
0x00007ffd04060000 - 0x00007ffd0408e000 	C:\WINDOWS\SYSTEM32\USERENV.dll
0x00007ffd03ae0000 - 0x00007ffd03aec000 	C:\WINDOWS\SYSTEM32\CRYPTBASE.dll
0x00007ffce3e40000 - 0x00007ffce3e57000 	C:\WINDOWS\system32\napinsp.dll
0x00007ffce3dc0000 - 0x00007ffce3ddb000 	C:\WINDOWS\system32\pnrpnsp.dll
0x00007ffd00830000 - 0x00007ffd0084d000 	C:\WINDOWS\system32\wshbth.dll
0x00007ffcfdf50000 - 0x00007ffcfdf6d000 	C:\WINDOWS\system32\NLAapi.dll
0x00007ffce3da0000 - 0x00007ffce3db2000 	C:\WINDOWS\System32\winrnr.dll
0x00007ffce5440000 - 0x00007ffce5491000 	C:\WINDOWS\SYSTEM32\pdh.dll
0x00007ffd00180000 - 0x00007ffd0018f000 	C:\WINDOWS\System32\perfproc.dll
0x00007ffce2320000 - 0x00007ffce232f000 	C:\WINDOWS\System32\perfos.dll
0x00007ffcfc3e0000 - 0x00007ffcfc3eb000 	C:\Program Files\Java\jdk-22\bin\le.dll
0x00007ffcfb940000 - 0x00007ffcfb950000 	C:\Program Files\Java\jdk-22\bin\verify.dll
0x00007ffcfc6b0000 - 0x00007ffcfc6be000 	C:\Program Files\Java\jdk-22\bin\sunmscapi.dll
0x00007ffd047a0000 - 0x00007ffd048fd000 	C:\WINDOWS\System32\CRYPT32.dll
0x00007ffd03be0000 - 0x00007ffd03c07000 	C:\WINDOWS\SYSTEM32\ncrypt.dll
0x00007ffd03ba0000 - 0x00007ffd03bdb000 	C:\WINDOWS\SYSTEM32\NTASN1.dll
0x00007ffceb750000 - 0x00007ffceb757000 	C:\WINDOWS\system32\wshunix.dll
0x00007ffcf7fc0000 - 0x00007ffcf7fd7000 	C:\WINDOWS\SYSTEM32\dhcpcsvc6.DLL
0x00007ffcfa440000 - 0x00007ffcfa45d000 	C:\WINDOWS\SYSTEM32\dhcpcsvc.DLL

dbghelp: loaded successfully - version: 4.0.5 - missing functions: none
symbol engine: initialized successfully - sym options: 0x614 - pdb path: .;C:\Program Files\Java\jdk-22\bin;C:\WINDOWS\SYSTEM32;C:\WINDOWS\WinSxS\amd64_microsoft.windows.common-controls_6595b64144ccf1df_6.0.19041.5794_none_60bcd33171f2783c;C:\Program Files\Java\jdk-22\bin\server;D:\HK1 nam4\LapTrinhWWW\IntelliJ IDEA 2024.3\bin

VM Arguments:
jvm_args: -javaagent:D:\HK1 nam4\LapTrinhWWW\IntelliJ IDEA 2024.3\lib\idea_rt.jar=63878:D:\HK1 nam4\LapTrinhWWW\IntelliJ IDEA 2024.3\bin -Dfile.encoding=UTF-8 -Dsun.stdout.encoding=UTF-8 -Dsun.stderr.encoding=UTF-8 
java_command: com.apigateway.apigateway.ApiGatewayApplication
java_class_path (initial): D:\HK2 nam 4\KienTrucPhanMem\BaiTapLon\Medical_Supplies_BE\api-gateway\target\classes;C:\Users\CEGROUP\.m2\repository\org\springframework\boot\spring-boot-starter-actuator\3.4.3\spring-boot-starter-actuator-3.4.3.jar;C:\Users\CEGROUP\.m2\repository\org\springframework\boot\spring-boot-starter\3.4.3\spring-boot-starter-3.4.3.jar;C:\Users\CEGROUP\.m2\repository\org\springframework\boot\spring-boot\3.4.3\spring-boot-3.4.3.jar;C:\Users\CEGROUP\.m2\repository\org\springframework\boot\spring-boot-autoconfigure\3.4.3\spring-boot-autoconfigure-3.4.3.jar;C:\Users\CEGROUP\.m2\repository\org\springframework\boot\spring-boot-starter-logging\3.4.3\spring-boot-starter-logging-3.4.3.jar;C:\Users\CEGROUP\.m2\repository\ch\qos\logback\logback-classic\1.5.16\logback-classic-1.5.16.jar;C:\Users\CEGROUP\.m2\repository\ch\qos\logback\logback-core\1.5.16\logback-core-1.5.16.jar;C:\Users\CEGROUP\.m2\repository\org\apache\logging\log4j\log4j-to-slf4j\2.24.3\log4j-to-slf4j-2.24.3.jar;C:\Users\CEGROUP\.m2\repository\org\apache\logging\log4j\log4j-api\2.24.3\log4j-api-2.24.3.jar;C:\Users\CEGROUP\.m2\repository\org\slf4j\jul-to-slf4j\2.0.16\jul-to-slf4j-2.0.16.jar;C:\Users\CEGROUP\.m2\repository\jakarta\annotation\jakarta.annotation-api\2.1.1\jakarta.annotation-api-2.1.1.jar;C:\Users\CEGROUP\.m2\repository\org\yaml\snakeyaml\2.3\snakeyaml-2.3.jar;C:\Users\CEGROUP\.m2\repository\org\springframework\boot\spring-boot-actuator-autoconfigure\3.4.3\spring-boot-actuator-autoconfigure-3.4.3.jar;C:\Users\CEGROUP\.m2\repository\org\springframework\boot\spring-boot-actuator\3.4.3\spring-boot-actuator-3.4.3.jar;C:\Users\CEGROUP\.m2\repository\com\fasterxml\jackson\datatype\jackson-datatype-jsr310\2.18.2\jackson-datatype-jsr310-2.18.2.jar;C:\Users\CEGROUP\.m2\repository\io\micrometer\micrometer-observation\1.14.4\micrometer-observation-1.14.4.jar;C:\Users\CEGROUP\.m2\repository\io\micrometer\micrometer-commons\1.14.4\micrometer-commons-1.14.4.jar;C:\Users\CEGROUP\.m2\repository\io\micrometer\micrometer-jakarta9\1.14.4\micrometer-jakarta9-1.14.4.jar;C:\Users\CEGROUP\.m2\repository\io\micrometer\micrometer-core\1.14.4\micrometer-core-1.14.4.jar;C:\Users\CEGROUP\.m2\repository\org\hdrhistogram\HdrHistogram\2.2.2\HdrHistogram-2.2.2.jar;C:\Users\CEGROUP\.m2\repository\org\latencyutils\LatencyUtils\2.0.3\LatencyUtils-2.0.3.jar;C:\Users\CEGROUP\.m2\repository\org\slf4j\slf4j-api\2.0.16\slf4j-api-2.0.16.jar;C:\Users\CEGROUP\.m2\repository\org\springframework\spring-core\6.2.3\spring-core-6.2.3.jar;C:\Users\CEGROUP\.m2\repository\org\springframework\spring-jcl\6.2.3\spring-jcl-6.2.3.jar;C:\Users\CEGROUP\.m2\repository\org\projectlombok\lombok\1.18.36\lombok-1.18.36.jar;C:\Users\CEGROUP\.m2\repository\io\jsonwebtoken\jjwt-api\0.11.5\jjwt-api-0.11.5.jar;C:\Users\CEGROUP\.m2\repository\io\jsonwebtoken\jjwt-impl\0.11.5\jjwt-impl-0.11.5.jar;C:\Users\CEGROUP\.m2\repository\io\jsonwebtoken\jjwt-jackson\0.11.5\jjwt-jackson-0.11.5.jar;C:\Users\CEGROUP\.m2\repository\com\fasterxml\jackson\core\jackson-databind\2.18.2\jackson-databind-2.18.2.jar;C:\Users\CEGROUP\.m2\repository\com\fasterxml\jackson\core\jackson-annotations\2.18.2\jackson-annotations-2.18.2.jar;C:\Users\CEGROUP\.m2\repository\com\fasterxml\jackson\core\jackson-core\2.18.2\jackson-core-2.18.2.jar;C:\Users\CEGROUP\.m2\repository\org\springframework\cloud\spring-cloud-starter-netflix-eureka-client\4.2.0\spring-cloud-starter-netflix-eureka-client-4.2.0.jar;C:\Users\CEGROUP\.m2\repository\org\springframework\cloud\spring-cloud-starter\4.2.0\spring-cloud-starter-4.2.0.jar;C:\Users\CEGROUP\.m2\repository\org\springframework\cloud\spring-cloud-context\4.2.0\spring-cloud-context-4.2.0.jar;C:\Users\CEGROUP\.m2\repository\org\springframework\cloud\spring-cloud-commons\4.2.0\spring-cloud-commons-4.2.0.jar;C:\Users\CEGROUP\.m2\repository\org\bouncycastle\bcprov-jdk18on\1.78.1\bcprov-jdk18on-1.78.1.jar;C:\Users\CEGROUP\.m2\repository\org\springframework\cloud\spring-cloud-netflix-eureka-client\4.2.0\spring-cloud-netflix-eureka-client-4.2.0.jar;C:\Users\CEGROUP\.m2\repository\org\apache\httpcomponents\client5\httpclient5\5.4.2\httpclient5-5.4.2.jar;C:\Users\CEGROUP\.m2\repository\org\apache\httpcomponents\core5\httpcore5\5.3.3\httpcore5-5.3.3.jar;C:\Users\CEGROUP\.m2\repository\org\apache\httpcomponents\core5\httpcore5-h2\5.3.3\httpcore5-h2-5.3.3.jar;C:\Users\CEGROUP\.m2\repository\com\netflix\eureka\eureka-client\2.0.4\eureka-client-2.0.4.jar;C:\Users\CEGROUP\.m2\repository\com\thoughtworks\xstream\xstream\1.4.20\xstream-1.4.20.jar;C:\Users\CEGROUP\.m2\repository\io\github\x-stream\mxparser\1.2.2\mxparser-1.2.2.jar;C:\Users\CEGROUP\.m2\repository\xmlpull\xmlpull\1.1.3.1\xmlpull-1.1.3.1.jar;C:\Users\CEGROUP\.m2\repository\jakarta\ws\rs\jakarta.ws.rs-api\3.1.0\jakarta.ws.rs-api-3.1.0.jar;C:\Users\CEGROUP\.m2\repository\jakarta\inject\jakarta.inject-api\2.0.1\jakarta.inject-api-2.0.1.jar;C:\Users\CEGROUP\.m2\repository\com\netflix\spectator\spectator-api\1.7.3\spectator-api-1.7.3.jar;C:\Users\CEGROUP\.m2\repository\org\apache\httpcomponents\httpclient\4.5.3\httpclient-4.5.3.jar;C:\Users\CEGROUP\.m2\repository\org\apache\httpcomponents\httpcore\4.4.16\httpcore-4.4.16.jar;C:\Users\CEGROUP\.m2\repository\commons-codec\commons-codec\1.17.2\commons-codec-1.17.2.jar;C:\Users\CEGROUP\.m2\repository\commons-configuration\commons-configuration\1.10\commons-configuration-1.10.jar;C:\Users\CEGROUP\.m2\repository\commons-lang\commons-lang\2.6\commons-lang-2.6.jar;C:\Users\CEGROUP\.m2\repository\com\netflix\netflix-commons\netflix-eventbus\0.3.0\netflix-eventbus-0.3.0.jar;C:\Users\CEGROUP\.m2\repository\com\netflix\netflix-commons\netflix-infix\0.3.0\netflix-infix-0.3.0.jar;C:\Users\CEGROUP\.m2\repository\commons-jxpath\commons-jxpath\1.3\commons-jxpath-1.3.jar;C:\Users\CEGROUP\.m2\repository\joda-time\joda-time\2.3\joda-time-2.3.jar;C:\Users\CEGROUP\.m2\repository\org\antlr\antlr-runtime\3.4\antlr-runtime-3.4.jar;C:\Users\CEGROUP\.m2\repository\org\antlr\stringtemplate\3.2.1\stringtemplate-3.2.1.jar;C:\Users\CEGROUP\.m2\repository\antlr\antlr\2.7.7\antlr-2.7.7.jar;C:\Users\CEGROUP\.m2\repository\com\google\guava\guava\14.0.1\guava-14.0.1.jar;C:\Users\CEGROUP\.m2\repository\com\google\code\gson\gson\2.11.0\gson-2.11.0.jar;C:\Users\CEGROUP\.m2\repository\com\google\errorprone\error_prone_annotations\2.27.0\error_prone_annotations-2.27.0.jar;C:\Users\CEGROUP\.m2\repository\com\netflix\servo\servo-core\0.5.3\servo-core-0.5.3.jar;C:\Users\CEGROUP\.m2\repository\org\apache\commons\commons-math\2.2\commons-math-2.2.jar;C:\Users\CEGROUP\.m2\repository\javax\annotation\javax.annotation-api\1.2\javax.annotation-api-1.2.jar;C:\Users\CEGROUP\.m2\repository\org\codehaus\jettison\jettison\1.5.4\jettison-1.5.4.jar;C:\Users\CEGROUP\.m2\repository\org\springframework\cloud\spring-cloud-starter-loadbalancer\4.2.0\spring-cloud-starter-loadbalancer-4.2.0.jar;C:\Users\CEGROUP\.m2\repository\org\springframework\cloud\spring-cloud-loadbalancer\4.2.0\spring-cloud-loadbalancer-4.2.0.jar;C:\Users\CEGROUP\.m2\repository\io\projectreactor\reactor-core\3.7.3\reactor-core-3.7.3.jar;C:\Users\CEGROUP\.m2\repository\org\reactivestreams\reactive-streams\1.0.4\reactive-streams-1.0.4.jar;C:\Users\CEGROUP\.m2\repository\org\springframework\boot\spring-boot-starter-cache\3.4.3\spring-boot-starter-cache-3.4.3.jar;C:\Users\CEGROUP\.m2\repository\org\springframework\spring-context-support\6.2.3\spring-context-support-6.2.3.jar;C:\Users\CEGROUP\.m2\repository\com\stoyanr\evictor\1.0.0\evictor-1.0.0.jar;C:\Users\CEGROUP\.m2\repository\org\springframework\cloud\spring-cloud-starter-config\4.2.0\spring-cloud-starter-config-4.2.0.jar;C:\Users\CEGROUP\.m2\repository\org\springframework\cloud\spring-cloud-config-client\4.2.0\spring-cloud-config-client-4.2.0.jar;C:\Users\CEGROUP\.m2\repository\org\springframework\spring-web\6.2.3\spring-web-6.2.3.jar;C:\Users\CEGROUP\.m2\repository\org\springframework\cloud\spring-cloud-starter-gateway\4.2.0\spring-cloud-starter-gateway-4.2.0.jar;C:\Users\CEGROUP\.m2\repository\org\springframework\cloud\spring-cloud-gateway-server\4.2.0\spring-cloud-gateway-server-4.2.0.jar;C:\Users\CEGROUP\.m2\repository\org\springframework\boot\spring-boot-starter-validation\3.4.3\spring-boot-starter-validation-3.4.3.jar;C:\Users\CEGROUP\.m2\repository\org\apache\tomcat\embed\tomcat-embed-el\10.1.36\tomcat-embed-el-10.1.36.jar;C:\Users\CEGROUP\.m2\repository\org\hibernate\validator\hibernate-validator\8.0.2.Final\hibernate-validator-8.0.2.Final.jar;C:\Users\CEGROUP\.m2\repository\jakarta\validation\jakarta.validation-api\3.0.2\jakarta.validation-api-3.0.2.jar;C:\Users\CEGROUP\.m2\repository\org\jboss\logging\jboss-logging\3.6.1.Final\jboss-logging-3.6.1.Final.jar;C:\Users\CEGROUP\.m2\repository\com\fasterxml\classmate\1.7.0\classmate-1.7.0.jar;C:\Users\CEGROUP\.m2\repository\io\projectreactor\addons\reactor-extra\3.5.2\reactor-extra-3.5.2.jar;C:\Users\CEGROUP\.m2\repository\org\springframework\boot\spring-boot-starter-webflux\3.4.3\spring-boot-starter-webflux-3.4.3.jar;C:\Users\CEGROUP\.m2\repository\org\springframework\boot\spring-boot-starter-json\3.4.3\spring-boot-starter-json-3.4.3.jar;C:\Users\CEGROUP\.m2\repository\com\fasterxml\jackson\datatype\jackson-datatype-jdk8\2.18.2\jackson-datatype-jdk8-2.18.2.jar;C:\Users\CEGROUP\.m2\repository\com\fasterxml\jackson\module\jackson-module-parameter-names\2.18.2\jackson-module-parameter-names-2.18.2.jar;C:\Users\CEGROUP\.m2\repository\org\springframework\boot\spring-boot-starter-reactor-netty\3.4.3\spring-boot-starter-reactor-netty-3.4.3.jar;C:\Users\CEGROUP\.m2\repository\io\projectreactor\netty\reactor-netty-http\1.2.3\reactor-netty-http-1.2.3.jar;C:\Users\CEGROUP\.m2\repository\io\netty\netty-codec-http\4.1.118.Final\netty-codec-http-4.1.118.Final.jar;C:\Users\CEGROUP\.m2\repository\io\netty\netty-common\4.1.118.Final\netty-common-4.1.118.Final.jar;C:\Users\CEGROUP\.m2\repository\io\netty\netty-buffer\4.1.118.Final\netty-buffer-4.1.118.Final.jar;C:\Users\CEGROUP\.m2\repository\io\netty\netty-transport\4.1.118.Final\netty-transport-4.1.118.Final.jar;C:\Users\CEGROUP\.m2\repository\io\netty\netty-codec\4.1.118.Final\netty-codec-4.1.118.Final.jar;C:\Users\CEGROUP\.m2\repository\io\netty\netty-handler\4.1.118.Final\netty-handler-4.1.118.Final.jar;C:\Users\CEGROUP\.m2\repository\io\netty\netty-codec-http2\4.1.118.Final\netty-codec-http2-4.1.118.Final.jar;C:\Users\CEGROUP\.m2\repository\io\netty\netty-resolver-dns\4.1.118.Final\netty-resolver-dns-4.1.118.Final.jar;C:\Users\CEGROUP\.m2\repository\io\netty\netty-resolver\4.1.118.Final\netty-resolver-4.1.118.Final.jar;C:\Users\CEGROUP\.m2\repository\io\netty\netty-codec-dns\4.1.118.Final\netty-codec-dns-4.1.118.Final.jar;C:\Users\CEGROUP\.m2\repository\io\netty\netty-resolver-dns-native-macos\4.1.118.Final\netty-resolver-dns-native-macos-4.1.118.Final-osx-x86_64.jar;C:\Users\CEGROUP\.m2\repository\io\netty\netty-resolver-dns-classes-macos\4.1.118.Final\netty-resolver-dns-classes-macos-4.1.118.Final.jar;C:\Users\CEGROUP\.m2\repository\io\netty\netty-transport-native-epoll\4.1.118.Final\netty-transport-native-epoll-4.1.118.Final-linux-x86_64.jar;C:\Users\CEGROUP\.m2\repository\io\netty\netty-transport-native-unix-common\4.1.118.Final\netty-transport-native-unix-common-4.1.118.Final.jar;C:\Users\CEGROUP\.m2\repository\io\netty\netty-transport-classes-epoll\4.1.118.Final\netty-transport-classes-epoll-4.1.118.Final.jar;C:\Users\CEGROUP\.m2\repository\io\projectreactor\netty\reactor-netty-core\1.2.3\reactor-netty-core-1.2.3.jar;C:\Users\CEGROUP\.m2\repository\io\netty\netty-handler-proxy\4.1.118.Final\netty-handler-proxy-4.1.118.Final.jar;C:\Users\CEGROUP\.m2\repository\io\netty\netty-codec-socks\4.1.118.Final\netty-codec-socks-4.1.118.Final.jar;C:\Users\CEGROUP\.m2\repository\org\springframework\spring-webflux\6.2.3\spring-webflux-6.2.3.jar;C:\Users\CEGROUP\.m2\repository\org\springframework\boot\spring-boot-starter-oauth2-resource-server\3.4.3\spring-boot-starter-oauth2-resource-server-3.4.3.jar;C:\Users\CEGROUP\.m2\repository\org\springframework\security\spring-security-config\6.4.3\spring-security-config-6.4.3.jar;C:\Users\CEGROUP\.m2\repository\org\springframework\spring-beans\6.2.3\spring-beans-6.2.3.jar;C:\Users\CEGROUP\.m2\repository\org\springframework\spring-context\6.2.3\spring-context-6.2.3.jar;C:\Users\CEGROUP\.m2\repository\org\springframework\security\spring-security-core\6.4.3\spring-security-core-6.4.3.jar;C:\Users\CEGROUP\.m2\repository\org\springframework\security\spring-security-crypto\6.4.3\spring-security-crypto-6.4.3.jar;C:\Users\CEGROUP\.m2\repository\org\springframework\spring-expression\6.2.3\spring-expression-6.2.3.jar;C:\Users\CEGROUP\.m2\repository\org\springframework\security\spring-security-oauth2-resource-server\6.4.3\spring-security-oauth2-resource-server-6.4.3.jar;C:\Users\CEGROUP\.m2\repository\org\springframework\security\spring-security-oauth2-core\6.4.3\spring-security-oauth2-core-6.4.3.jar;C:\Users\CEGROUP\.m2\repository\org\springframework\security\spring-security-oauth2-jose\6.4.3\spring-security-oauth2-jose-6.4.3.jar;C:\Users\CEGROUP\.m2\repository\com\nimbusds\nimbus-jose-jwt\9.37.3\nimbus-jose-jwt-9.37.3.jar;C:\Users\CEGROUP\.m2\repository\com\github\stephenc\jcip\jcip-annotations\1.0-1\jcip-annotations-1.0-1.jar;C:\Users\CEGROUP\.m2\repository\org\springframework\boot\spring-boot-starter-security\3.4.3\spring-boot-starter-security-3.4.3.jar;C:\Users\CEGROUP\.m2\repository\org\springframework\spring-aop\6.2.3\spring-aop-6.2.3.jar;C:\Users\CEGROUP\.m2\repository\org\springframework\security\spring-security-web\6.4.3\spring-security-web-6.4.3.jar
Launcher Type: SUN_STANDARD

[Global flags]
     intx CICompilerCount                          = 3                                         {product} {ergonomic}
     uint ConcGCThreads                            = 1                                         {product} {ergonomic}
     uint G1ConcRefinementThreads                  = 4                                         {product} {ergonomic}
   size_t G1HeapRegionSize                         = 1048576                                   {product} {ergonomic}
   size_t InitialHeapSize                          = 62914560                                  {product} {ergonomic}
   size_t MarkStackSize                            = 4194304                                   {product} {ergonomic}
   size_t MaxHeapSize                              = 998244352                                 {product} {ergonomic}
   size_t MaxNewSize                               = 598736896                                 {product} {ergonomic}
   size_t MinHeapDeltaBytes                        = 1048576                                   {product} {ergonomic}
   size_t MinHeapSize                              = 8388608                                   {product} {ergonomic}
    uintx NonNMethodCodeHeapSize                   = 5832780                                {pd product} {ergonomic}
    uintx NonProfiledCodeHeapSize                  = 122912730                              {pd product} {ergonomic}
    uintx ProfiledCodeHeapSize                     = 122912730                              {pd product} {ergonomic}
    uintx ReservedCodeCacheSize                    = 251658240                              {pd product} {ergonomic}
     bool SegmentedCodeCache                       = true                                      {product} {ergonomic}
   size_t SoftMaxHeapSize                          = 998244352                              {manageable} {ergonomic}
     bool UseCompressedOops                        = true                           {product lp64_product} {ergonomic}
     bool UseG1GC                                  = true                                      {product} {ergonomic}
     bool UseLargePagesIndividualAllocation        = false                                  {pd product} {ergonomic}

Logging:
Log output configuration:
 #0: stdout all=warning uptime,level,tags foldmultilines=false
 #1: stderr all=off uptime,level,tags foldmultilines=false

Environment Variables:
JAVA_HOME=C:\Program Files\Java\jdk-17
PATH=C:\Program Files\Common Files\Oracle\Java\javapath;C:\Program Files\Java\jdk-18.0.2.1\bin;C:\Program Files\Java\jdk-18.0.2\bin;C:\Program Files\Java\jdk18.0.2\bin;C:\WINDOWS\system32;C:\WINDOWS;C:\WINDOWS\System32\Wbem;C:\WINDOWS\System32\WindowsPowerShell\v1.0\;C:\WINDOWS\System32\OpenSSH\;C:\Program Files\Microsoft SQL Server\Client SDK\ODBC\170\Tools\Binn\;C:\Program Files (x86)\Microsoft SQL Server\150\Tools\Binn\;C:\Program Files\Microsoft SQL Server\150\Tools\Binn\;C:\Program Files\Microsoft SQL Server\150\DTS\Binn\;C:\Program Files\Azure Data Studio\bin;C:\Program Files\MongoDB\Tools\100\bin;C:\Program Files\MongoDB\Server\5.0\bin;C:\Program Files\Java\jdk-21\bin;C:\Program Files (x86)\Microsoft SQL Server\160\Tools\Binn\;C:\Program Files\Microsoft SQL Server\160\Tools\Binn\;C:\Program Files\Microsoft SQL Server\160\DTS\Binn\;C:\Program Files\dotnet\;E:\HK1 nam4\ReactNative\nodejs;C:\Program Files\Git\cmd;D:\Python\Scripts\;D:\Python\;E:\HK1 nam4\ReactNative\nodejs;C:\Users\CEGROUP\AppData\Local\Microsoft\WindowsApps;C:\Program Files\Azure Data Studio\bin;C:\Users\CEGROUP\AppData\Local\Programs\Microsoft VS Code\bin;C:\Program Files\MongoDB\Server\5.0\bin;C:\Users\CEGROUP\.dotnet\tools;C:\Users\CEGROUP\AppData\Roaming\npm;D:\HK1 nam4\LapTrinhWWW\IntelliJ IDEA 2024.3\bin;;C:\Users\CEGROUP\AppData\Roaming\Python\Python313\Scripts;
USERNAME=CEGROUP
OS=Windows_NT
PROCESSOR_IDENTIFIER=Intel64 Family 6 Model 78 Stepping 3, GenuineIntel
TMP=C:\Users\CEGROUP\AppData\Local\Temp
TEMP=C:\Users\CEGROUP\AppData\Local\Temp




Periodic native trim disabled

---------------  S Y S T E M  ---------------

OS:
 Windows 10 , 64 bit Build 19041 (10.0.19041.5794)
OS uptime: 3 days 21:51 hours

CPU: total 4 (initial active 4) (2 cores per cpu, 2 threads per core) family 6 model 78 stepping 3 microcode 0xcc, cx8, cmov, fxsr, ht, mmx, 3dnowpref, sse, sse2, sse3, ssse3, sse4.1, sse4.2, popcnt, lzcnt, tsc, tscinvbit, avx, avx2, aes, erms, clmul, bmi1, bmi2, adx, fma, vzeroupper, clflush, clflushopt, rdtscp, f16c
Processor Information for all 4 processors :
  Max Mhz: 2000, Current Mhz: 2000, Mhz Limit: 2000

Memory: 4k page, system-wide physical 3802M (111M free)
TotalPageFile size 15578M (AvailPageFile size 6M)
current process WorkingSet (physical memory assigned to process): 172M, peak: 202M
current process commit charge ("private bytes"): 298M, peak: 299M

vm_info: Java HotSpot(TM) 64-Bit Server VM (22.0.2+9-70) for windows-amd64 JRE (22.0.2+9-70), built on 2024-06-04T16:52:23Z by "mach5one" with MS VC++ 17.6 (VS2022)

END.
