2025-05-22 21:03:40 [main] INFO  c.p.p.ProductServiceApplication - Starting ProductServiceApplication using Java 22 with PID 33788 (D:\DH17KTPM\HK2_2024_2025\KTTKPM\Project_Medical\Medical_Supplies_BE\services\product-service\target\classes started by Dell in D:\DH17KTPM\HK2_2024_2025\KTTKPM\Project_Medical\Medical_Supplies_BE\services\product-service)
2025-05-22 21:03:40 [main] DEBUG c.p.p.ProductServiceApplication - Running with Spring Boot v3.4.3, Spring v6.2.3
2025-05-22 21:03:40 [main] INFO  c.p.p.ProductServiceApplication - No active profile set, falling back to 1 default profile: "default"
2025-05-22 21:03:40 [main] INFO  o.s.c.c.c.ConfigServerConfigDataLoader - Fetching config from server at : http://localhost:8888
2025-05-22 21:03:40 [main] INFO  o.s.c.c.c.ConfigServerConfigDataLoader - Located environment: name=product-service, profiles=[default], label=null, version=null, state=null
2025-05-22 21:03:41 [main] INFO  o.s.d.r.c.RepositoryConfigurationDelegate - Bootstrapping Spring Data JPA repositories in DEFAULT mode.
2025-05-22 21:03:41 [main] INFO  o.s.d.r.c.RepositoryConfigurationDelegate - Finished Spring Data repository scanning in 152 ms. Found 3 JPA repository interfaces.
2025-05-22 21:03:42 [main] INFO  o.s.cloud.context.scope.GenericScope - BeanFactory id=26f0c113-307c-39fa-8849-af6318115ad3
2025-05-22 21:03:42 [main] INFO  o.s.b.w.e.tomcat.TomcatWebServer - Tomcat initialized with port 8085 (http)
2025-05-22 21:03:42 [main] INFO  o.a.catalina.core.StandardService - Starting service [Tomcat]
2025-05-22 21:03:42 [main] INFO  o.a.catalina.core.StandardEngine - Starting Servlet engine: [Apache Tomcat/10.1.36]
2025-05-22 21:03:42 [main] INFO  o.a.c.c.C.[Tomcat].[localhost].[/] - Initializing Spring embedded WebApplicationContext
2025-05-22 21:03:42 [main] INFO  o.s.b.w.s.c.ServletWebServerApplicationContext - Root WebApplicationContext: initialization completed in 1695 ms
2025-05-22 21:03:43 [main] INFO  o.h.jpa.internal.util.LogHelper - HHH000204: Processing PersistenceUnitInfo [name: default]
2025-05-22 21:03:43 [main] INFO  org.hibernate.Version - HHH000412: Hibernate ORM core version 6.6.8.Final
2025-05-22 21:03:43 [main] INFO  o.h.c.i.RegionFactoryInitiator - HHH000026: Second-level cache disabled
2025-05-22 21:03:43 [main] INFO  o.s.o.j.p.SpringPersistenceUnitInfo - No LoadTimeWeaver setup: ignoring JPA class transformer
2025-05-22 21:03:43 [main] INFO  com.zaxxer.hikari.HikariDataSource - HikariPool-1 - Starting...
2025-05-22 21:03:43 [main] INFO  com.zaxxer.hikari.pool.HikariPool - HikariPool-1 - Added connection com.mysql.cj.jdbc.ConnectionImpl@5aa5b3af
2025-05-22 21:03:43 [main] INFO  com.zaxxer.hikari.HikariDataSource - HikariPool-1 - Start completed.
2025-05-22 21:03:43 [main] INFO  o.hibernate.orm.connections.pooling - HHH10001005: Database info:
	Database JDBC URL [Connecting through datasource 'HikariDataSource (HikariPool-1)']
	Database driver: undefined/unknown
	Database version: 9.0.1
	Autocommit mode: undefined/unknown
	Isolation level: undefined/unknown
	Minimum pool size: undefined/unknown
	Maximum pool size: undefined/unknown
2025-05-22 21:03:44 [main] INFO  o.h.e.t.j.p.i.JtaPlatformInitiator - HHH000489: No JTA platform available (set 'hibernate.transaction.jta.platform' to enable JTA platform integration)
2025-05-22 21:03:44 [main] INFO  o.s.o.j.LocalContainerEntityManagerFactoryBean - Initialized JPA EntityManagerFactory for persistence unit 'default'
2025-05-22 21:03:44 [main] INFO  o.s.d.j.r.query.QueryEnhancerFactory - Hibernate is in classpath; If applicable, HQL parser will be used.
2025-05-22 21:03:45 [main] WARN  o.s.b.a.o.j.JpaBaseConfiguration$JpaWebConfiguration - spring.jpa.open-in-view is enabled by default. Therefore, database queries may be performed during view rendering. Explicitly configure spring.jpa.open-in-view to disable this warning
2025-05-22 21:03:46 [main] INFO  o.s.cloud.commons.util.InetUtils - Cannot determine local hostname
2025-05-22 21:03:48 [main] INFO  o.s.cloud.commons.util.InetUtils - Cannot determine local hostname
2025-05-22 21:03:48 [main] INFO  o.s.c.n.e.c.DiscoveryClientOptionalArgsConfiguration - Eureka HTTP Client uses RestTemplate.
2025-05-22 21:03:48 [main] WARN  o.s.c.l.c.LoadBalancerCacheAutoConfiguration$LoadBalancerCaffeineWarnLogger - Spring Cloud LoadBalancer is currently working with the default cache. While this cache implementation is useful for development and tests, it's recommended to use Caffeine cache in production.You can switch to using Caffeine cache, by adding it and org.springframework.cache.caffeine.CaffeineCacheManager to the classpath.
2025-05-22 21:03:48 [main] INFO  o.s.b.a.e.web.EndpointLinksResolver - Exposing 1 endpoint beneath base path '/actuator'
2025-05-22 21:03:48 [main] INFO  o.s.c.n.eureka.InstanceInfoFactory - Setting initial instance status as: STARTING
2025-05-22 21:03:48 [main] INFO  c.netflix.discovery.DiscoveryClient - Initializing Eureka in region us-east-1
2025-05-22 21:03:48 [main] INFO  c.n.d.s.r.aws.ConfigClusterResolver - Resolving eureka endpoints via configuration
2025-05-22 21:03:48 [main] INFO  c.netflix.discovery.DiscoveryClient - Disable delta property : false
2025-05-22 21:03:48 [main] INFO  c.netflix.discovery.DiscoveryClient - Single vip registry refresh property : null
2025-05-22 21:03:48 [main] INFO  c.netflix.discovery.DiscoveryClient - Force full registry fetch : false
2025-05-22 21:03:48 [main] INFO  c.netflix.discovery.DiscoveryClient - Application is null : false
2025-05-22 21:03:48 [main] INFO  c.netflix.discovery.DiscoveryClient - Registered Applications size is zero : true
2025-05-22 21:03:48 [main] INFO  c.netflix.discovery.DiscoveryClient - Application version is -1: true
2025-05-22 21:03:48 [main] INFO  c.netflix.discovery.DiscoveryClient - Getting all instance registry info from the eureka server
2025-05-22 21:03:48 [main] INFO  c.netflix.discovery.DiscoveryClient - The response status is 200
2025-05-22 21:03:48 [main] INFO  c.netflix.discovery.DiscoveryClient - Starting heartbeat executor: renew interval is: 30
2025-05-22 21:03:48 [main] INFO  c.n.discovery.InstanceInfoReplicator - InstanceInfoReplicator onDemand update allowed rate per min is 4
2025-05-22 21:03:48 [main] INFO  c.netflix.discovery.DiscoveryClient - Discovery Client initialized at timestamp 1747922628514 with initial instances count: 2
2025-05-22 21:03:48 [main] INFO  o.s.c.n.e.s.EurekaServiceRegistry - Registering application PRODUCT-SERVICE with eureka with status UP
2025-05-22 21:03:48 [main] INFO  c.netflix.discovery.DiscoveryClient - Saw local status change event StatusChangeEvent [timestamp=1747922628519, current=UP, previous=STARTING]
2025-05-22 21:03:48 [DiscoveryClient-InstanceInfoReplicator-%d] INFO  c.netflix.discovery.DiscoveryClient - DiscoveryClient_PRODUCT-SERVICE/localhost:product-service:8085: registering service...
2025-05-22 21:03:48 [main] INFO  o.s.b.w.e.tomcat.TomcatWebServer - Tomcat started on port 8085 (http) with context path '/'
2025-05-22 21:03:48 [main] INFO  o.s.c.n.e.s.EurekaAutoServiceRegistration - Updating port to 8085
2025-05-22 21:03:48 [DiscoveryClient-InstanceInfoReplicator-%d] INFO  c.netflix.discovery.DiscoveryClient - DiscoveryClient_PRODUCT-SERVICE/localhost:product-service:8085 - registration status: 204
2025-05-22 21:03:49 [main] INFO  o.s.cloud.commons.util.InetUtils - Cannot determine local hostname
2025-05-22 21:03:49 [main] INFO  c.p.p.ProductServiceApplication - Started ProductServiceApplication in 10.858 seconds (process running for 11.766)
2025-05-22 21:03:50 [RMI TCP Connection(3)-192.168.1.22] INFO  o.a.c.c.C.[Tomcat].[localhost].[/] - Initializing Spring DispatcherServlet 'dispatcherServlet'
2025-05-22 21:03:50 [RMI TCP Connection(3)-192.168.1.22] INFO  o.s.web.servlet.DispatcherServlet - Initializing Servlet 'dispatcherServlet'
2025-05-22 21:03:50 [RMI TCP Connection(3)-192.168.1.22] INFO  o.s.web.servlet.DispatcherServlet - Completed initialization in 2 ms
2025-05-22 21:04:25 [http-nio-8085-exec-1] INFO  c.p.p.s.impl.ProductServiceImpl - [getAllProducts] Lấy toàn bộ sản phẩm...
2025-05-22 21:08:48 [AsyncResolver-bootstrap-executor-%d] INFO  c.n.d.s.r.aws.ConfigClusterResolver - Resolving eureka endpoints via configuration
2025-05-22 21:09:07 [SpringApplicationShutdownHook] INFO  o.s.c.n.e.s.EurekaServiceRegistry - Unregistering application PRODUCT-SERVICE with eureka with status DOWN
2025-05-22 21:09:07 [SpringApplicationShutdownHook] INFO  c.netflix.discovery.DiscoveryClient - Saw local status change event StatusChangeEvent [timestamp=1747922947726, current=DOWN, previous=UP]
2025-05-22 21:09:07 [DiscoveryClient-InstanceInfoReplicator-%d] INFO  c.netflix.discovery.DiscoveryClient - DiscoveryClient_PRODUCT-SERVICE/localhost:product-service:8085: registering service...
2025-05-22 21:09:07 [SpringApplicationShutdownHook] INFO  o.s.b.w.e.tomcat.GracefulShutdown - Commencing graceful shutdown. Waiting for active requests to complete
2025-05-22 21:09:07 [DiscoveryClient-InstanceInfoReplicator-%d] INFO  c.netflix.discovery.DiscoveryClient - DiscoveryClient_PRODUCT-SERVICE/localhost:product-service:8085 - registration status: 204
2025-05-22 21:09:07 [tomcat-shutdown] INFO  o.s.b.w.e.tomcat.GracefulShutdown - Graceful shutdown complete
2025-05-22 21:09:07 [SpringApplicationShutdownHook] INFO  o.s.o.j.LocalContainerEntityManagerFactoryBean - Closing JPA EntityManagerFactory for persistence unit 'default'
2025-05-22 21:09:07 [SpringApplicationShutdownHook] INFO  com.zaxxer.hikari.HikariDataSource - HikariPool-1 - Shutdown initiated...
2025-05-22 21:09:07 [SpringApplicationShutdownHook] INFO  com.zaxxer.hikari.HikariDataSource - HikariPool-1 - Shutdown completed.
2025-05-22 21:09:07 [SpringApplicationShutdownHook] INFO  c.netflix.discovery.DiscoveryClient - Shutting down DiscoveryClient ...
2025-05-22 21:09:10 [SpringApplicationShutdownHook] INFO  c.netflix.discovery.DiscoveryClient - Unregistering ...
2025-05-22 21:09:10 [SpringApplicationShutdownHook] INFO  c.netflix.discovery.DiscoveryClient - DiscoveryClient_PRODUCT-SERVICE/localhost:product-service:8085 - deregister  status: 200
2025-05-22 21:09:10 [SpringApplicationShutdownHook] INFO  c.netflix.discovery.DiscoveryClient - Completed shut down of DiscoveryClient
2025-05-22 21:09:20 [main] INFO  c.p.p.ProductServiceApplication - Starting ProductServiceApplication using Java 22 with PID 6188 (D:\DH17KTPM\HK2_2024_2025\KTTKPM\Project_Medical\Medical_Supplies_BE\services\product-service\target\classes started by Dell in D:\DH17KTPM\HK2_2024_2025\KTTKPM\Project_Medical\Medical_Supplies_BE\services\product-service)
2025-05-22 21:09:20 [main] DEBUG c.p.p.ProductServiceApplication - Running with Spring Boot v3.4.3, Spring v6.2.3
2025-05-22 21:09:20 [main] INFO  c.p.p.ProductServiceApplication - No active profile set, falling back to 1 default profile: "default"
2025-05-22 21:09:20 [main] INFO  o.s.c.c.c.ConfigServerConfigDataLoader - Fetching config from server at : http://localhost:8888
2025-05-22 21:09:20 [main] INFO  o.s.c.c.c.ConfigServerConfigDataLoader - Located environment: name=product-service, profiles=[default], label=null, version=null, state=null
2025-05-22 21:09:21 [main] INFO  o.s.d.r.c.RepositoryConfigurationDelegate - Bootstrapping Spring Data JPA repositories in DEFAULT mode.
2025-05-22 21:09:21 [main] INFO  o.s.d.r.c.RepositoryConfigurationDelegate - Finished Spring Data repository scanning in 191 ms. Found 3 JPA repository interfaces.
2025-05-22 21:09:21 [main] INFO  o.s.cloud.context.scope.GenericScope - BeanFactory id=26f0c113-307c-39fa-8849-af6318115ad3
2025-05-22 21:09:22 [main] INFO  o.s.b.w.e.tomcat.TomcatWebServer - Tomcat initialized with port 8085 (http)
2025-05-22 21:09:22 [main] INFO  o.a.catalina.core.StandardService - Starting service [Tomcat]
2025-05-22 21:09:22 [main] INFO  o.a.catalina.core.StandardEngine - Starting Servlet engine: [Apache Tomcat/10.1.36]
2025-05-22 21:09:22 [main] INFO  o.a.c.c.C.[Tomcat].[localhost].[/] - Initializing Spring embedded WebApplicationContext
2025-05-22 21:09:22 [main] INFO  o.s.b.w.s.c.ServletWebServerApplicationContext - Root WebApplicationContext: initialization completed in 2313 ms
2025-05-22 21:09:23 [main] INFO  o.h.jpa.internal.util.LogHelper - HHH000204: Processing PersistenceUnitInfo [name: default]
2025-05-22 21:09:23 [main] INFO  org.hibernate.Version - HHH000412: Hibernate ORM core version 6.6.8.Final
2025-05-22 21:09:23 [main] INFO  o.h.c.i.RegionFactoryInitiator - HHH000026: Second-level cache disabled
2025-05-22 21:09:23 [main] INFO  o.s.o.j.p.SpringPersistenceUnitInfo - No LoadTimeWeaver setup: ignoring JPA class transformer
2025-05-22 21:09:23 [main] INFO  com.zaxxer.hikari.HikariDataSource - HikariPool-1 - Starting...
2025-05-22 21:09:24 [main] INFO  com.zaxxer.hikari.pool.HikariPool - HikariPool-1 - Added connection com.mysql.cj.jdbc.ConnectionImpl@40dc2ade
2025-05-22 21:09:24 [main] INFO  com.zaxxer.hikari.HikariDataSource - HikariPool-1 - Start completed.
2025-05-22 21:09:24 [main] INFO  o.hibernate.orm.connections.pooling - HHH10001005: Database info:
	Database JDBC URL [Connecting through datasource 'HikariDataSource (HikariPool-1)']
	Database driver: undefined/unknown
	Database version: 9.0.1
	Autocommit mode: undefined/unknown
	Isolation level: undefined/unknown
	Minimum pool size: undefined/unknown
	Maximum pool size: undefined/unknown
2025-05-22 21:09:25 [main] INFO  o.h.e.t.j.p.i.JtaPlatformInitiator - HHH000489: No JTA platform available (set 'hibernate.transaction.jta.platform' to enable JTA platform integration)
2025-05-22 21:09:25 [main] INFO  o.s.o.j.LocalContainerEntityManagerFactoryBean - Initialized JPA EntityManagerFactory for persistence unit 'default'
2025-05-22 21:09:25 [main] INFO  o.s.d.j.r.query.QueryEnhancerFactory - Hibernate is in classpath; If applicable, HQL parser will be used.
2025-05-22 21:09:26 [main] WARN  o.s.b.a.o.j.JpaBaseConfiguration$JpaWebConfiguration - spring.jpa.open-in-view is enabled by default. Therefore, database queries may be performed during view rendering. Explicitly configure spring.jpa.open-in-view to disable this warning
2025-05-22 21:09:27 [main] INFO  o.s.cloud.commons.util.InetUtils - Cannot determine local hostname
2025-05-22 21:09:29 [main] INFO  o.s.cloud.commons.util.InetUtils - Cannot determine local hostname
2025-05-22 21:09:29 [main] INFO  o.s.c.n.e.c.DiscoveryClientOptionalArgsConfiguration - Eureka HTTP Client uses RestTemplate.
2025-05-22 21:09:29 [main] WARN  o.s.c.l.c.LoadBalancerCacheAutoConfiguration$LoadBalancerCaffeineWarnLogger - Spring Cloud LoadBalancer is currently working with the default cache. While this cache implementation is useful for development and tests, it's recommended to use Caffeine cache in production.You can switch to using Caffeine cache, by adding it and org.springframework.cache.caffeine.CaffeineCacheManager to the classpath.
2025-05-22 21:09:29 [main] INFO  o.s.b.a.e.web.EndpointLinksResolver - Exposing 1 endpoint beneath base path '/actuator'
2025-05-22 21:09:29 [main] INFO  o.s.c.n.eureka.InstanceInfoFactory - Setting initial instance status as: STARTING
2025-05-22 21:09:29 [main] INFO  c.netflix.discovery.DiscoveryClient - Initializing Eureka in region us-east-1
2025-05-22 21:09:29 [main] INFO  c.n.d.s.r.aws.ConfigClusterResolver - Resolving eureka endpoints via configuration
2025-05-22 21:09:29 [main] INFO  c.netflix.discovery.DiscoveryClient - Disable delta property : false
2025-05-22 21:09:29 [main] INFO  c.netflix.discovery.DiscoveryClient - Single vip registry refresh property : null
2025-05-22 21:09:29 [main] INFO  c.netflix.discovery.DiscoveryClient - Force full registry fetch : false
2025-05-22 21:09:29 [main] INFO  c.netflix.discovery.DiscoveryClient - Application is null : false
2025-05-22 21:09:29 [main] INFO  c.netflix.discovery.DiscoveryClient - Registered Applications size is zero : true
2025-05-22 21:09:29 [main] INFO  c.netflix.discovery.DiscoveryClient - Application version is -1: true
2025-05-22 21:09:29 [main] INFO  c.netflix.discovery.DiscoveryClient - Getting all instance registry info from the eureka server
2025-05-22 21:09:29 [main] INFO  c.netflix.discovery.DiscoveryClient - The response status is 200
2025-05-22 21:09:29 [main] INFO  c.netflix.discovery.DiscoveryClient - Starting heartbeat executor: renew interval is: 30
2025-05-22 21:09:29 [main] INFO  c.n.discovery.InstanceInfoReplicator - InstanceInfoReplicator onDemand update allowed rate per min is 4
2025-05-22 21:09:29 [main] INFO  c.netflix.discovery.DiscoveryClient - Discovery Client initialized at timestamp 1747922969612 with initial instances count: 2
2025-05-22 21:09:29 [main] INFO  o.s.c.n.e.s.EurekaServiceRegistry - Registering application PRODUCT-SERVICE with eureka with status UP
2025-05-22 21:09:29 [main] INFO  c.netflix.discovery.DiscoveryClient - Saw local status change event StatusChangeEvent [timestamp=1747922969618, current=UP, previous=STARTING]
2025-05-22 21:09:29 [DiscoveryClient-InstanceInfoReplicator-%d] INFO  c.netflix.discovery.DiscoveryClient - DiscoveryClient_PRODUCT-SERVICE/localhost:product-service:8085: registering service...
2025-05-22 21:09:29 [main] INFO  o.s.b.w.e.tomcat.TomcatWebServer - Tomcat started on port 8085 (http) with context path '/'
2025-05-22 21:09:29 [main] INFO  o.s.c.n.e.s.EurekaAutoServiceRegistration - Updating port to 8085
2025-05-22 21:09:29 [DiscoveryClient-InstanceInfoReplicator-%d] INFO  c.netflix.discovery.DiscoveryClient - DiscoveryClient_PRODUCT-SERVICE/localhost:product-service:8085 - registration status: 204
2025-05-22 21:09:30 [main] INFO  o.s.cloud.commons.util.InetUtils - Cannot determine local hostname
2025-05-22 21:09:30 [main] INFO  c.p.p.ProductServiceApplication - Started ProductServiceApplication in 12.367 seconds (process running for 13.366)
2025-05-22 21:09:31 [RMI TCP Connection(7)-192.168.1.22] INFO  o.a.c.c.C.[Tomcat].[localhost].[/] - Initializing Spring DispatcherServlet 'dispatcherServlet'
2025-05-22 21:09:31 [RMI TCP Connection(7)-192.168.1.22] INFO  o.s.web.servlet.DispatcherServlet - Initializing Servlet 'dispatcherServlet'
2025-05-22 21:09:31 [RMI TCP Connection(7)-192.168.1.22] INFO  o.s.web.servlet.DispatcherServlet - Completed initialization in 2 ms
2025-05-22 21:14:29 [AsyncResolver-bootstrap-executor-%d] INFO  c.n.d.s.r.aws.ConfigClusterResolver - Resolving eureka endpoints via configuration
2025-05-22 21:15:03 [SpringApplicationShutdownHook] INFO  o.s.c.n.e.s.EurekaServiceRegistry - Unregistering application PRODUCT-SERVICE with eureka with status DOWN
2025-05-22 21:15:03 [SpringApplicationShutdownHook] INFO  c.netflix.discovery.DiscoveryClient - Saw local status change event StatusChangeEvent [timestamp=1747923303678, current=DOWN, previous=UP]
2025-05-22 21:15:03 [DiscoveryClient-InstanceInfoReplicator-%d] INFO  c.netflix.discovery.DiscoveryClient - DiscoveryClient_PRODUCT-SERVICE/localhost:product-service:8085: registering service...
2025-05-22 21:15:03 [SpringApplicationShutdownHook] INFO  o.s.b.w.e.tomcat.GracefulShutdown - Commencing graceful shutdown. Waiting for active requests to complete
2025-05-22 21:15:03 [DiscoveryClient-InstanceInfoReplicator-%d] INFO  c.netflix.discovery.DiscoveryClient - DiscoveryClient_PRODUCT-SERVICE/localhost:product-service:8085 - registration status: 204
2025-05-22 21:15:03 [tomcat-shutdown] INFO  o.s.b.w.e.tomcat.GracefulShutdown - Graceful shutdown complete
2025-05-22 21:15:03 [SpringApplicationShutdownHook] INFO  o.s.o.j.LocalContainerEntityManagerFactoryBean - Closing JPA EntityManagerFactory for persistence unit 'default'
2025-05-22 21:15:03 [SpringApplicationShutdownHook] INFO  com.zaxxer.hikari.HikariDataSource - HikariPool-1 - Shutdown initiated...
2025-05-22 21:15:03 [SpringApplicationShutdownHook] INFO  com.zaxxer.hikari.HikariDataSource - HikariPool-1 - Shutdown completed.
2025-05-22 21:15:03 [SpringApplicationShutdownHook] INFO  c.netflix.discovery.DiscoveryClient - Shutting down DiscoveryClient ...
2025-05-22 21:15:06 [SpringApplicationShutdownHook] INFO  c.netflix.discovery.DiscoveryClient - Unregistering ...
2025-05-22 21:15:06 [SpringApplicationShutdownHook] INFO  c.netflix.discovery.DiscoveryClient - DiscoveryClient_PRODUCT-SERVICE/localhost:product-service:8085 - deregister  status: 200
2025-05-22 21:15:06 [SpringApplicationShutdownHook] INFO  c.netflix.discovery.DiscoveryClient - Completed shut down of DiscoveryClient
