2025-05-22 00:48:47 [main] INFO  c.c.c.CartServiceApplication - Starting CartServiceApplication using Java 22.0.2 with PID 812 (D:\HK2 nam 4\KienTrucPhanMem\BaiTapLon\Medical_Supplies_BE\services\cart-service\target\classes started by CEGROUP in D:\HK2 nam 4\KienTrucPhanMem\BaiTapLon\Medical_Supplies_BE\services\cart-service)
2025-05-22 00:48:47 [main] DEBUG c.c.c.CartServiceApplication - Running with Spring Boot v3.4.3, Spring v6.2.3
2025-05-22 00:48:47 [main] INFO  c.c.c.CartServiceApplication - No active profile set, falling back to 1 default profile: "default"
2025-05-22 00:48:47 [main] INFO  o.s.c.c.c.ConfigServerConfigDataLoader - Fetching config from server at : http://localhost:8888
2025-05-22 00:48:47 [main] INFO  o.s.c.c.c.ConfigServerConfigDataLoader - Located environment: name=cart-service, profiles=[default], label=null, version=null, state=null
2025-05-22 00:48:51 [main] INFO  o.s.d.r.c.RepositoryConfigurationDelegate - Multiple Spring Data modules found, entering strict repository configuration mode
2025-05-22 00:48:51 [main] INFO  o.s.d.r.c.RepositoryConfigurationDelegate - Bootstrapping Spring Data JPA repositories in DEFAULT mode.
2025-05-22 00:48:51 [main] INFO  o.s.d.r.c.RepositoryConfigurationDelegate - Finished Spring Data repository scanning in 397 ms. Found 1 JPA repository interface.
2025-05-22 00:48:51 [main] INFO  o.s.d.r.c.RepositoryConfigurationDelegate - Multiple Spring Data modules found, entering strict repository configuration mode
2025-05-22 00:48:51 [main] INFO  o.s.d.r.c.RepositoryConfigurationDelegate - Bootstrapping Spring Data Redis repositories in DEFAULT mode.
2025-05-22 00:48:51 [main] INFO  o.s.d.r.c.RepositoryConfigurationExtensionSupport - Spring Data Redis - Could not safely identify store assignment for repository candidate interface com.cart.cartservice.repository.CartRepository; If you want this repository to be a Redis repository, consider annotating your entities with one of these annotations: org.springframework.data.redis.core.RedisHash (preferred), or consider extending one of the following types with your repository: org.springframework.data.keyvalue.repository.KeyValueRepository
2025-05-22 00:48:51 [main] INFO  o.s.d.r.c.RepositoryConfigurationDelegate - Finished Spring Data repository scanning in 14 ms. Found 0 Redis repository interfaces.
2025-05-22 00:48:52 [main] INFO  o.s.cloud.context.scope.GenericScope - BeanFactory id=68b16ea4-296b-304f-a01e-13a420d004f3
2025-05-22 00:48:54 [main] INFO  o.s.b.w.e.tomcat.TomcatWebServer - Tomcat initialized with port 8088 (http)
2025-05-22 00:48:54 [main] INFO  o.a.catalina.core.StandardService - Starting service [Tomcat]
2025-05-22 00:48:54 [main] INFO  o.a.catalina.core.StandardEngine - Starting Servlet engine: [Apache Tomcat/10.1.36]
2025-05-22 00:48:55 [main] INFO  o.a.c.c.C.[Tomcat].[localhost].[/] - Initializing Spring embedded WebApplicationContext
2025-05-22 00:48:55 [main] INFO  o.s.b.w.s.c.ServletWebServerApplicationContext - Root WebApplicationContext: initialization completed in 7701 ms
2025-05-22 00:48:56 [main] INFO  o.h.jpa.internal.util.LogHelper - HHH000204: Processing PersistenceUnitInfo [name: default]
2025-05-22 00:48:56 [main] INFO  org.hibernate.Version - HHH000412: Hibernate ORM core version 6.6.8.Final
2025-05-22 00:48:56 [main] INFO  o.h.c.i.RegionFactoryInitiator - HHH000026: Second-level cache disabled
2025-05-22 00:48:57 [main] INFO  o.s.o.j.p.SpringPersistenceUnitInfo - No LoadTimeWeaver setup: ignoring JPA class transformer
2025-05-22 00:48:57 [main] INFO  com.zaxxer.hikari.HikariDataSource - HikariPool-1 - Starting...
2025-05-22 00:48:58 [main] INFO  com.zaxxer.hikari.pool.HikariPool - HikariPool-1 - Added connection com.mysql.cj.jdbc.ConnectionImpl@36f80ceb
2025-05-22 00:48:58 [main] INFO  com.zaxxer.hikari.HikariDataSource - HikariPool-1 - Start completed.
2025-05-22 00:48:58 [main] INFO  o.hibernate.orm.connections.pooling - HHH10001005: Database info:
	Database JDBC URL [Connecting through datasource 'HikariDataSource (HikariPool-1)']
	Database driver: undefined/unknown
	Database version: 9.2
	Autocommit mode: undefined/unknown
	Isolation level: undefined/unknown
	Minimum pool size: undefined/unknown
	Maximum pool size: undefined/unknown
2025-05-22 00:49:00 [main] INFO  o.h.e.t.j.p.i.JtaPlatformInitiator - HHH000489: No JTA platform available (set 'hibernate.transaction.jta.platform' to enable JTA platform integration)
2025-05-22 00:49:00 [main] INFO  o.s.o.j.LocalContainerEntityManagerFactoryBean - Initialized JPA EntityManagerFactory for persistence unit 'default'
2025-05-22 00:49:02 [main] WARN  o.s.b.a.o.j.JpaBaseConfiguration$JpaWebConfiguration - spring.jpa.open-in-view is enabled by default. Therefore, database queries may be performed during view rendering. Explicitly configure spring.jpa.open-in-view to disable this warning
2025-05-22 00:49:05 [main] INFO  o.s.c.n.e.c.DiscoveryClientOptionalArgsConfiguration - Eureka HTTP Client uses RestTemplate.
2025-05-22 00:49:05 [main] WARN  o.s.c.l.c.LoadBalancerCacheAutoConfiguration$LoadBalancerCaffeineWarnLogger - Spring Cloud LoadBalancer is currently working with the default cache. While this cache implementation is useful for development and tests, it's recommended to use Caffeine cache in production.You can switch to using Caffeine cache, by adding it and org.springframework.cache.caffeine.CaffeineCacheManager to the classpath.
2025-05-22 00:49:05 [main] INFO  o.s.b.a.e.web.EndpointLinksResolver - Exposing 1 endpoint beneath base path '/actuator'
2025-05-22 00:49:05 [main] INFO  o.s.c.n.eureka.InstanceInfoFactory - Setting initial instance status as: STARTING
2025-05-22 00:49:05 [main] INFO  c.netflix.discovery.DiscoveryClient - Initializing Eureka in region us-east-1
2025-05-22 00:49:05 [main] INFO  c.n.d.s.r.aws.ConfigClusterResolver - Resolving eureka endpoints via configuration
2025-05-22 00:49:05 [main] INFO  c.netflix.discovery.DiscoveryClient - Disable delta property : false
2025-05-22 00:49:05 [main] INFO  c.netflix.discovery.DiscoveryClient - Single vip registry refresh property : null
2025-05-22 00:49:05 [main] INFO  c.netflix.discovery.DiscoveryClient - Force full registry fetch : false
2025-05-22 00:49:05 [main] INFO  c.netflix.discovery.DiscoveryClient - Application is null : false
2025-05-22 00:49:05 [main] INFO  c.netflix.discovery.DiscoveryClient - Registered Applications size is zero : true
2025-05-22 00:49:05 [main] INFO  c.netflix.discovery.DiscoveryClient - Application version is -1: true
2025-05-22 00:49:05 [main] INFO  c.netflix.discovery.DiscoveryClient - Getting all instance registry info from the eureka server
2025-05-22 00:49:06 [main] INFO  c.netflix.discovery.DiscoveryClient - The response status is 200
2025-05-22 00:49:06 [main] INFO  c.netflix.discovery.DiscoveryClient - Starting heartbeat executor: renew interval is: 30
2025-05-22 00:49:06 [main] INFO  c.n.discovery.InstanceInfoReplicator - InstanceInfoReplicator onDemand update allowed rate per min is 4
2025-05-22 00:49:06 [main] INFO  c.netflix.discovery.DiscoveryClient - Discovery Client initialized at timestamp 1747849746963 with initial instances count: 4
2025-05-22 00:49:07 [main] INFO  o.s.c.n.e.s.EurekaServiceRegistry - Registering application CART-SERVICE with eureka with status UP
2025-05-22 00:49:07 [main] INFO  c.netflix.discovery.DiscoveryClient - Saw local status change event StatusChangeEvent [timestamp=1747849747048, current=UP, previous=STARTING]
2025-05-22 00:49:07 [DiscoveryClient-InstanceInfoReplicator-%d] INFO  c.netflix.discovery.DiscoveryClient - DiscoveryClient_CART-SERVICE/DESKTOP-J56LN6J:cart-service:8088: registering service...
2025-05-22 00:49:07 [main] INFO  o.s.b.w.e.tomcat.TomcatWebServer - Tomcat started on port 8088 (http) with context path '/'
2025-05-22 00:49:07 [main] INFO  o.s.c.n.e.s.EurekaAutoServiceRegistration - Updating port to 8088
2025-05-22 00:49:07 [main] DEBUG o.s.d.r.l.RedisMessageListenerContainer - Starting RedisMessageListenerContainer...
2025-05-22 00:49:07 [main] DEBUG o.s.d.r.l.RedisMessageListenerContainer - Postpone listening for Redis messages until actual listeners are added
2025-05-22 00:49:07 [main] INFO  c.c.c.CartServiceApplication - Started CartServiceApplication in 24.918 seconds (process running for 38.35)
2025-05-22 00:49:07 [DiscoveryClient-InstanceInfoReplicator-%d] INFO  c.netflix.discovery.DiscoveryClient - DiscoveryClient_CART-SERVICE/DESKTOP-J56LN6J:cart-service:8088 - registration status: 204
2025-05-22 00:50:13 [http-nio-8088-exec-1] INFO  o.a.c.c.C.[Tomcat].[localhost].[/] - Initializing Spring DispatcherServlet 'dispatcherServlet'
2025-05-22 00:50:13 [http-nio-8088-exec-1] INFO  o.s.web.servlet.DispatcherServlet - Initializing Servlet 'dispatcherServlet'
2025-05-22 00:50:13 [http-nio-8088-exec-1] INFO  o.s.web.servlet.DispatcherServlet - Completed initialization in 309 ms
2025-05-22 00:50:15 [http-nio-8088-exec-1] INFO  c.c.c.service.impl.CartService - Adding to cart for userId: 35, productId: 3, quantity: 3
2025-05-22 00:50:15 [http-nio-8088-exec-1] DEBUG o.s.d.r.core.RedisConnectionUtils - Fetching Redis Connection from RedisConnectionFactory
2025-05-22 00:50:19 [http-nio-8088-exec-1] DEBUG o.s.d.r.core.RedisConnectionUtils - Closing Redis Connection
2025-05-22 00:50:19 [http-nio-8088-exec-1] INFO  c.c.c.service.impl.CartService - Cart found in Redis for userId: 35
2025-05-22 00:50:20 [http-nio-8088-exec-1] INFO  c.c.c.service.impl.CartService - Fetched 2 cart items for cartId: 6
2025-05-22 00:50:20 [http-nio-8088-exec-1] INFO  c.c.c.service.impl.CartService - Created new cart item for productId: 3
2025-05-22 00:50:20 [http-nio-8088-exec-1] INFO  c.c.c.service.impl.CartService - Fetched updated 3 cart items for cartId: 6
2025-05-22 00:50:20 [http-nio-8088-exec-1] INFO  c.c.c.service.impl.CartService - addToCart for userId: 35 completed in 5612.6338 ms
2025-05-22 00:50:20 [http-nio-8088-exec-1] DEBUG o.s.d.r.core.RedisConnectionUtils - Fetching Redis Connection from RedisConnectionFactory
2025-05-22 00:50:20 [http-nio-8088-exec-1] DEBUG o.s.d.r.core.RedisConnectionUtils - Closing Redis Connection
2025-05-22 00:54:05 [AsyncResolver-bootstrap-executor-%d] INFO  c.n.d.s.r.aws.ConfigClusterResolver - Resolving eureka endpoints via configuration
2025-05-22 00:59:06 [AsyncResolver-bootstrap-executor-%d] INFO  c.n.d.s.r.aws.ConfigClusterResolver - Resolving eureka endpoints via configuration
2025-05-22 01:04:06 [AsyncResolver-bootstrap-executor-%d] INFO  c.n.d.s.r.aws.ConfigClusterResolver - Resolving eureka endpoints via configuration
2025-05-22 01:08:20 [http-nio-8088-exec-3] INFO  c.c.c.service.impl.CartService - Adding to cart for userId: 35, productId: 3, quantity: 3
2025-05-22 01:08:20 [http-nio-8088-exec-3] DEBUG o.s.d.r.core.RedisConnectionUtils - Fetching Redis Connection from RedisConnectionFactory
2025-05-22 01:08:20 [http-nio-8088-exec-3] DEBUG o.s.d.r.core.RedisConnectionUtils - Closing Redis Connection
2025-05-22 01:08:20 [http-nio-8088-exec-3] INFO  c.c.c.service.impl.CartService - Cart found in Redis for userId: 35
2025-05-22 01:08:21 [http-nio-8088-exec-3] INFO  c.c.c.service.impl.CartService - Fetched 3 cart items for cartId: 6
2025-05-22 01:08:24 [http-nio-8088-exec-3] INFO  c.c.c.service.impl.CartService - Updated cart item for productId: 3 with new quantity: 6
2025-05-22 01:08:24 [http-nio-8088-exec-3] INFO  c.c.c.service.impl.CartService - Fetched updated 3 cart items for cartId: 6
2025-05-22 01:08:24 [http-nio-8088-exec-3] INFO  c.c.c.service.impl.CartService - addToCart for userId: 35 completed in 3899.4311 ms
2025-05-22 01:08:24 [http-nio-8088-exec-3] DEBUG o.s.d.r.core.RedisConnectionUtils - Fetching Redis Connection from RedisConnectionFactory
2025-05-22 01:08:24 [http-nio-8088-exec-3] DEBUG o.s.d.r.core.RedisConnectionUtils - Closing Redis Connection
2025-05-22 01:09:01 [SpringApplicationShutdownHook] INFO  o.s.c.n.e.s.EurekaServiceRegistry - Unregistering application CART-SERVICE with eureka with status DOWN
2025-05-22 01:09:01 [SpringApplicationShutdownHook] INFO  c.netflix.discovery.DiscoveryClient - Saw local status change event StatusChangeEvent [timestamp=1747850941601, current=DOWN, previous=UP]
2025-05-22 01:09:01 [DiscoveryClient-InstanceInfoReplicator-%d] INFO  c.netflix.discovery.DiscoveryClient - DiscoveryClient_CART-SERVICE/DESKTOP-J56LN6J:cart-service:8088: registering service...
2025-05-22 01:09:01 [DiscoveryClient-InstanceInfoReplicator-%d] INFO  c.netflix.discovery.DiscoveryClient - DiscoveryClient_CART-SERVICE/DESKTOP-J56LN6J:cart-service:8088 - registration status: 204
2025-05-22 01:09:02 [SpringApplicationShutdownHook] DEBUG o.s.d.r.l.RedisMessageListenerContainer - Stopped RedisMessageListenerContainer
2025-05-22 01:09:02 [SpringApplicationShutdownHook] INFO  o.s.b.w.e.tomcat.GracefulShutdown - Commencing graceful shutdown. Waiting for active requests to complete
2025-05-22 01:09:05 [tomcat-shutdown] INFO  o.s.b.w.e.tomcat.GracefulShutdown - Graceful shutdown complete
